2026-05-21 16:44:47,464 | INFO | pharmacy | Открыт список сотрудников пользователем Vlad
2026-05-21 16:44:48,796 | INFO | pharmacy | Открыта форма создания сотрудника пользователем Vlad
2026-05-21 16:45:36,888 | INFO | pharmacy | Открыта форма создания сотрудника пользователем Vlad
2026-05-21 16:45:36,910 | WARNING | pharmacy | Ошибка формы EmployeeForm пользователем Vlad: <ul class="errorlist"><li>phone<ul class="errorlist" id="id_phone_error"><li>Телефон должен быть в формате +375 (29) XXX-XX-XX</li></ul></li></ul>
2026-05-21 16:45:50,243 | INFO | pharmacy | Открыта форма создания сотрудника пользователем Vlad
2026-05-21 16:45:50,244 | WARNING | pharmacy | Ошибка формы EmployeeForm пользователем Vlad: <ul class="errorlist"><li>phone<ul class="errorlist" id="id_phone_error"><li>Телефон должен быть в формате +375 (29) XXX-XX-XX</li></ul></li></ul>
2026-05-21 16:45:51,487 | INFO | pharmacy | Открыта форма создания сотрудника пользователем Vlad
2026-05-21 16:45:51,488 | WARNING | pharmacy | Ошибка формы EmployeeForm пользователем Vlad: <ul class="errorlist"><li>phone<ul class="errorlist" id="id_phone_error"><li>Телефон должен быть в формате +375 (29) XXX-XX-XX</li></ul></li></ul>
2026-05-21 16:45:57,994 | INFO | pharmacy | Открыта форма создания сотрудника пользователем Vlad
2026-05-21 16:45:57,996 | WARNING | pharmacy | Ошибка формы EmployeeForm пользователем Vlad: <ul class="errorlist"><li>phone<ul class="errorlist" id="id_phone_error"><li>Телефон должен быть в формате +375 (29) XXX-XX-XX</li></ul></li></ul>
2026-05-21 16:45:59,119 | INFO | pharmacy | Открыта форма создания сотрудника пользователем Vlad
2026-05-21 16:45:59,120 | WARNING | pharmacy | Ошибка формы EmployeeForm пользователем Vlad: <ul class="errorlist"><li>phone<ul class="errorlist" id="id_phone_error"><li>Телефон должен быть в формате +375 (29) XXX-XX-XX</li></ul></li></ul>
2026-05-21 16:45:59,498 | INFO | pharmacy | Открыта форма создания сотрудника пользователем Vlad
2026-05-21 16:45:59,500 | WARNING | pharmacy | Ошибка формы EmployeeForm пользователем Vlad: <ul class="errorlist"><li>phone<ul class="errorlist" id="id_phone_error"><li>Телефон должен быть в формате +375 (29) XXX-XX-XX</li></ul></li></ul>
2026-05-21 16:45:59,721 | INFO | pharmacy | Открыта форма создания сотрудника пользователем Vlad
2026-05-21 16:45:59,722 | WARNING | pharmacy | Ошибка формы EmployeeForm пользователем Vlad: <ul class="errorlist"><li>phone<ul class="errorlist" id="id_phone_error"><li>Телефон должен быть в формате +375 (29) XXX-XX-XX</li></ul></li></ul>
2026-05-21 16:46:12,122 | INFO | pharmacy | Открыта форма создания сотрудника пользователем Vlad
2026-05-21 16:46:12,124 | WARNING | pharmacy | Ошибка формы EmployeeForm пользователем Vlad: <ul class="errorlist"><li>phone<ul class="errorlist" id="id_phone_error"><li>Телефон должен быть в формате +375 (29) XXX-XX-XX</li></ul></li></ul>
2026-05-21 16:46:12,906 | INFO | pharmacy | Открыта форма создания сотрудника пользователем Vlad
2026-05-21 16:46:12,907 | WARNING | pharmacy | Ошибка формы EmployeeForm пользователем Vlad: <ul class="errorlist"><li>phone<ul class="errorlist" id="id_phone_error"><li>Телефон должен быть в формате +375 (29) XXX-XX-XX</li></ul></li></ul>
2026-05-21 16:46:17,637 | INFO | pharmacy | Открыта форма создания сотрудника пользователем Vlad
2026-05-21 16:46:17,638 | WARNING | pharmacy | Ошибка формы EmployeeForm пользователем Vlad: <ul class="errorlist"><li>phone<ul class="errorlist" id="id_phone_error"><li>Телефон должен быть в формате +375 (29) XXX-XX-XX</li></ul></li></ul>
2026-05-21 16:46:18,274 | INFO | pharmacy | Открыта форма создания сотрудника пользователем Vlad
2026-05-21 16:46:18,276 | WARNING | pharmacy | Ошибка формы EmployeeForm пользователем Vlad: <ul class="errorlist"><li>phone<ul class="errorlist" id="id_phone_error"><li>Телефон должен быть в формате +375 (29) XXX-XX-XX</li></ul></li></ul>
2026-05-21 16:46:18,485 | INFO | pharmacy | Открыта форма создания сотрудника пользователем Vlad
2026-05-21 16:46:18,487 | WARNING | pharmacy | Ошибка формы EmployeeForm пользователем Vlad: <ul class="errorlist"><li>phone<ul class="errorlist" id="id_phone_error"><li>Телефон должен быть в формате +375 (29) XXX-XX-XX</li></ul></li></ul>
2026-05-21 16:46:18,813 | INFO | pharmacy | Открыта форма создания сотрудника пользователем Vlad
2026-05-21 16:46:18,815 | WARNING | pharmacy | Ошибка формы EmployeeForm пользователем Vlad: <ul class="errorlist"><li>phone<ul class="errorlist" id="id_phone_error"><li>Телефон должен быть в формате +375 (29) XXX-XX-XX</li></ul></li></ul>
2026-05-21 16:46:19,064 | INFO | pharmacy | Открыта форма создания сотрудника пользователем Vlad
2026-05-21 16:46:19,065 | WARNING | pharmacy | Ошибка формы EmployeeForm пользователем Vlad: <ul class="errorlist"><li>phone<ul class="errorlist" id="id_phone_error"><li>Телефон должен быть в формате +375 (29) XXX-XX-XX</li></ul></li></ul>
2026-05-21 16:46:34,842 | INFO | pharmacy | Открыта форма создания сотрудника пользователем Vlad
2026-05-21 16:46:34,844 | WARNING | pharmacy | Ошибка формы EmployeeForm пользователем Vlad: <ul class="errorlist"><li>phone<ul class="errorlist" id="id_phone_error"><li>Телефон должен быть в формате +375 (29) XXX-XX-XX</li></ul></li></ul>
2026-05-21 16:46:35,435 | INFO | pharmacy | Открыта форма создания сотрудника пользователем Vlad
2026-05-21 16:46:35,436 | WARNING | pharmacy | Ошибка формы EmployeeForm пользователем Vlad: <ul class="errorlist"><li>phone<ul class="errorlist" id="id_phone_error"><li>Телефон должен быть в формате +375 (29) XXX-XX-XX</li></ul></li></ul>
2026-05-21 16:46:35,673 | INFO | pharmacy | Открыта форма создания сотрудника пользователем Vlad
2026-05-21 16:46:35,675 | WARNING | pharmacy | Ошибка формы EmployeeForm пользователем Vlad: <ul class="errorlist"><li>phone<ul class="errorlist" id="id_phone_error"><li>Телефон должен быть в формате +375 (29) XXX-XX-XX</li></ul></li></ul>
2026-05-21 16:46:35,838 | INFO | pharmacy | Открыта форма создания сотрудника пользователем Vlad
2026-05-21 16:46:35,843 | WARNING | pharmacy | Ошибка формы EmployeeForm пользователем Vlad: <ul class="errorlist"><li>phone<ul class="errorlist" id="id_phone_error"><li>Телефон должен быть в формате +375 (29) XXX-XX-XX</li></ul></li></ul>
2026-05-21 16:46:36,127 | INFO | pharmacy | Открыта форма создания сотрудника пользователем Vlad
2026-05-21 16:46:36,129 | WARNING | pharmacy | Ошибка формы EmployeeForm пользователем Vlad: <ul class="errorlist"><li>phone<ul class="errorlist" id="id_phone_error"><li>Телефон должен быть в формате +375 (29) XXX-XX-XX</li></ul></li></ul>
2026-05-21 16:48:33,042 | INFO | pharmacy | Открыта форма создания сотрудника пользователем Vlad
2026-05-21 16:48:33,043 | WARNING | pharmacy | Ошибка формы EmployeeForm пользователем Vlad: <ul class="errorlist"><li>phone<ul class="errorlist" id="id_phone_error"><li>Телефон должен быть в формате +375 (29) XXX-XX-XX</li></ul></li></ul>
2026-05-21 16:48:33,580 | INFO | pharmacy | Открыта форма создания сотрудника пользователем Vlad
2026-05-21 16:48:33,582 | WARNING | pharmacy | Ошибка формы EmployeeForm пользователем Vlad: <ul class="errorlist"><li>phone<ul class="errorlist" id="id_phone_error"><li>Телефон должен быть в формате +375 (29) XXX-XX-XX</li></ul></li></ul>
2026-05-21 16:48:34,079 | INFO | pharmacy | Открыта форма создания сотрудника пользователем Vlad
2026-05-21 16:48:34,080 | WARNING | pharmacy | Ошибка формы EmployeeForm пользователем Vlad: <ul class="errorlist"><li>phone<ul class="errorlist" id="id_phone_error"><li>Телефон должен быть в формате +375 (29) XXX-XX-XX</li></ul></li></ul>
2026-05-21 16:48:34,278 | INFO | pharmacy | Открыта форма создания сотрудника пользователем Vlad
2026-05-21 16:48:34,280 | WARNING | pharmacy | Ошибка формы EmployeeForm пользователем Vlad: <ul class="errorlist"><li>phone<ul class="errorlist" id="id_phone_error"><li>Телефон должен быть в формате +375 (29) XXX-XX-XX</li></ul></li></ul>
2026-05-21 16:48:34,435 | INFO | pharmacy | Открыта форма создания сотрудника пользователем Vlad
2026-05-21 16:48:34,436 | WARNING | pharmacy | Ошибка формы EmployeeForm пользователем Vlad: <ul class="errorlist"><li>phone<ul class="errorlist" id="id_phone_error"><li>Телефон должен быть в формате +375 (29) XXX-XX-XX</li></ul></li></ul>
2026-05-21 16:48:34,792 | INFO | pharmacy | Открыта форма создания сотрудника пользователем Vlad
2026-05-21 16:48:34,794 | WARNING | pharmacy | Ошибка формы EmployeeForm пользователем Vlad: <ul class="errorlist"><li>phone<ul class="errorlist" id="id_phone_error"><li>Телефон должен быть в формате +375 (29) XXX-XX-XX</li></ul></li></ul>
2026-05-21 16:48:34,960 | INFO | pharmacy | Открыта форма создания сотрудника пользователем Vlad
2026-05-21 16:48:34,961 | WARNING | pharmacy | Ошибка формы EmployeeForm пользователем Vlad: <ul class="errorlist"><li>phone<ul class="errorlist" id="id_phone_error"><li>Телефон должен быть в формате +375 (29) XXX-XX-XX</li></ul></li></ul>
2026-05-21 16:50:19,419 | INFO | pharmacy | Открыта форма создания сотрудника пользователем Vlad
2026-05-21 16:50:19,453 | INFO | pharmacy | Создан объект Employee пользователем Vlad
2026-05-21 16:50:19,481 | INFO | pharmacy | Открыт список сотрудников пользователем Vlad
2026-05-21 17:16:50,319 | INFO | pharmacy | Открыт каталог пользователем Vlad
2026-05-21 17:16:52,789 | INFO | pharmacy | Открыт каталог пользователем Vlad
2026-05-21 17:31:25,772 | INFO | pharmacy | Открыт каталог пользователем AnonymousUser
2026-05-21 17:32:27,024 | INFO | pharmacy | Открыт каталог пользователем AnonymousUser
2026-05-21 17:32:29,548 | INFO | pharmacy | Открыта страница входа/регистрации пользователем AnonymousUser
2026-05-21 17:32:30,960 | INFO | pharmacy | Успешный вход пользователя volodya.shirko@gmail.com
2026-05-21 21:58:46,647 | INFO | pharmacy | Открыта страница промокодов пользователем volodya.shirko@gmail.com
2026-05-21 22:03:19,814 | INFO | pharmacy | Открыта страница вакансий пользователем volodya.shirko@gmail.com
2026-05-21 22:03:21,250 | INFO | pharmacy | Открыта страница вакансий пользователем volodya.shirko@gmail.com
2026-05-21 22:05:43,364 | INFO | pharmacy | Открыта страница контактов пользователем volodya.shirko@gmail.com
2026-05-21 22:05:43,995 | INFO | pharmacy | Открыта страница вакансий пользователем volodya.shirko@gmail.com
2026-05-21 22:05:59,156 | INFO | pharmacy | Открыта страница вакансий пользователем volodya.shirko@gmail.com
2026-05-21 22:06:12,424 | INFO | pharmacy | Открыта страница контактов пользователем volodya.shirko@gmail.com
2026-05-21 22:06:20,272 | INFO | pharmacy | Открыта страница контактов пользователем volodya.shirko@gmail.com
2026-05-21 22:06:20,728 | INFO | pharmacy | Открыта страница вакансий пользователем volodya.shirko@gmail.com
2026-05-21 22:06:21,562 | INFO | pharmacy | Открыта страница промокодов пользователем volodya.shirko@gmail.com
2026-05-21 22:06:31,938 | INFO | pharmacy | Открыта страница промокодов пользователем volodya.shirko@gmail.com
2026-05-21 22:06:49,371 | INFO | pharmacy | Открыта страница вакансий пользователем volodya.shirko@gmail.com
2026-05-21 22:07:58,501 | INFO | pharmacy | Открыта страница вакансий пользователем volodya.shirko@gmail.com
2026-05-21 22:07:59,451 | INFO | pharmacy | Открыта страница промокодов пользователем volodya.shirko@gmail.com
2026-05-21 22:09:11,401 | INFO | pharmacy | Открыта страница контактов пользователем volodya.shirko@gmail.com
2026-05-21 22:09:12,044 | INFO | pharmacy | Открыта страница вакансий пользователем volodya.shirko@gmail.com
2026-05-21 22:09:24,213 | INFO | pharmacy | Открыта страница вакансий пользователем volodya.shirko@gmail.com
2026-05-21 22:09:28,219 | INFO | pharmacy | Открыта страница вакансий пользователем volodya.shirko@gmail.com
2026-05-21 22:09:45,383 | INFO | pharmacy | Открыта страница промокодов пользователем volodya.shirko@gmail.com
2026-05-21 22:10:36,779 | INFO | pharmacy | Открыта страница промокодов пользователем volodya.shirko@gmail.com
2026-05-21 22:11:15,913 | INFO | pharmacy | Открыта страница промокодов пользователем volodya.shirko@gmail.com
2026-05-21 22:13:13,952 | INFO | pharmacy | Открыта страница вакансий пользователем volodya.shirko@gmail.com
2026-05-21 22:14:47,004 | INFO | pharmacy | Открыта страница контактов пользователем AnonymousUser
2026-05-21 22:14:47,649 | INFO | pharmacy | Открыта страница вакансий пользователем AnonymousUser
2026-05-21 22:14:49,170 | INFO | pharmacy | Открыта страница входа/регистрации пользователем AnonymousUser
2026-05-21 22:14:50,889 | INFO | pharmacy | Успешный вход пользователя volodya.shirko@gmail.com
2026-05-21 22:15:49,829 | INFO | pharmacy | Открыта страница входа/регистрации пользователем AnonymousUser
2026-05-21 22:15:50,894 | INFO | pharmacy | Открыта страница вакансий пользователем AnonymousUser
2026-05-21 22:15:51,856 | INFO | pharmacy | Открыта страница входа/регистрации пользователем AnonymousUser
2026-05-21 22:15:53,408 | INFO | pharmacy | Успешный вход пользователя volodya.shirko@gmail.com
2026-05-21 22:17:52,790 | INFO | pharmacy | Открыта страница контактов пользователем AnonymousUser
2026-05-21 22:17:54,011 | INFO | pharmacy | Открыта страница входа/регистрации пользователем AnonymousUser
2026-05-21 22:17:55,154 | INFO | pharmacy | Успешный вход пользователя volodya.shirko@gmail.com
2026-05-21 22:18:10,376 | INFO | pharmacy | Открыта страница входа/регистрации пользователем AnonymousUser
2026-05-21 22:18:11,035 | INFO | pharmacy | Открыта страница вакансий пользователем AnonymousUser
2026-05-21 22:18:12,069 | INFO | pharmacy | Открыта страница промокодов пользователем AnonymousUser
2026-05-21 22:18:12,803 | INFO | pharmacy | Открыта страница входа/регистрации пользователем AnonymousUser
2026-05-21 22:18:14,066 | INFO | pharmacy | Успешный вход пользователя volodya.shirko@gmail.com
2026-05-21 22:19:19,638 | INFO | pharmacy | Открыта страница входа/регистрации пользователем AnonymousUser
2026-05-21 22:19:20,951 | INFO | pharmacy | Успешный вход пользователя volodya.shirko@gmail.com
2026-05-21 22:19:29,031 | INFO | pharmacy | Открыта страница входа/регистрации пользователем AnonymousUser
2026-05-21 22:19:30,489 | INFO | pharmacy | Успешный вход пользователя volodya.shirko@gmail.com
2026-05-21 22:19:41,663 | INFO | pharmacy | Открыта страница промокодов пользователем AnonymousUser
2026-05-21 22:19:42,413 | INFO | pharmacy | Открыта страница входа/регистрации пользователем AnonymousUser
2026-05-21 22:19:43,838 | INFO | pharmacy | Успешный вход пользователя volodya.shirko@gmail.com
2026-05-21 22:21:13,669 | INFO | pharmacy | Открыта страница вакансий пользователем volodya.shirko@gmail.com
2026-05-21 22:21:14,524 | INFO | pharmacy | Открыта страница промокодов пользователем volodya.shirko@gmail.com
2026-05-21 22:21:16,234 | INFO | pharmacy | Открыт каталог пользователем volodya.shirko@gmail.com
2026-05-21 22:21:30,597 | INFO | pharmacy | Открыта страница входа/регистрации пользователем AnonymousUser
2026-05-21 22:21:45,722 | INFO | pharmacy | Успешный вход пользователя Vlad
2026-05-21 22:21:52,260 | INFO | pharmacy | Открыта страница управления пользователями пользователем Vlad
2026-05-21 22:22:03,685 | INFO | pharmacy | Изменены группы пользователя volodya.shirko@gmail.com: ['employees']
2026-05-21 22:22:03,695 | INFO | pharmacy | Открыта страница управления пользователями пользователем Vlad
2026-05-21 22:22:06,573 | INFO | pharmacy | Изменены группы пользователя Vlados: ['employees']
2026-05-21 22:22:06,578 | INFO | pharmacy | Открыта страница управления пользователями пользователем Vlad
2026-05-21 22:22:08,495 | INFO | pharmacy | Изменены группы пользователя Vlados: ['clients', 'employees']
2026-05-21 22:22:08,499 | INFO | pharmacy | Открыта страница управления пользователями пользователем Vlad
2026-05-21 22:22:10,672 | INFO | pharmacy | Изменены группы пользователя Vlados: ['employees']
2026-05-21 22:22:10,680 | INFO | pharmacy | Открыта страница управления пользователями пользователем Vlad
2026-05-21 22:22:20,102 | INFO | pharmacy | Изменены группы пользователя Vlados: ['clients']
2026-05-21 22:22:20,108 | INFO | pharmacy | Открыта страница управления пользователями пользователем Vlad
2026-05-21 22:22:25,449 | INFO | pharmacy | Открыта страница входа/регистрации пользователем AnonymousUser
2026-05-21 22:22:26,918 | INFO | pharmacy | Успешный вход пользователя volodya.shirko@gmail.com
2026-05-21 22:22:30,713 | INFO | pharmacy | Открыт список продаж пользователем volodya.shirko@gmail.com
2026-05-21 22:22:31,774 | INFO | pharmacy | Открыт список позиций продаж пользователем volodya.shirko@gmail.com
2026-05-21 22:22:32,438 | INFO | pharmacy | Открыт список позиций продаж пользователем volodya.shirko@gmail.com
2026-05-21 22:22:33,440 | INFO | pharmacy | Открыт список позиций продаж пользователем volodya.shirko@gmail.com
2026-05-21 22:22:33,986 | INFO | pharmacy | Открыт список льгот пользователем volodya.shirko@gmail.com
2026-05-21 22:22:34,739 | INFO | pharmacy | Открыт список поставщиков пользователем volodya.shirko@gmail.com
2026-05-21 22:22:35,615 | INFO | pharmacy | Открыт список купонов пользователем volodya.shirko@gmail.com
2026-05-21 22:22:37,042 | INFO | pharmacy | Открыт список вакансий пользователем volodya.shirko@gmail.com
2026-05-21 22:22:37,490 | INFO | pharmacy | Открыт список сотрудников пользователем volodya.shirko@gmail.com
2026-05-21 22:22:39,154 | INFO | pharmacy | Открыт каталог пользователем volodya.shirko@gmail.com
2026-05-21 22:22:39,672 | INFO | pharmacy | Открыт список категорий медикаментов пользователем volodya.shirko@gmail.com
2026-05-21 22:22:40,403 | INFO | pharmacy | Открыт каталог пользователем volodya.shirko@gmail.com
2026-05-21 22:22:41,446 | INFO | pharmacy | Открыт список продаж пользователем volodya.shirko@gmail.com
2026-05-21 22:22:42,351 | INFO | pharmacy | Открыт список позиций продаж пользователем volodya.shirko@gmail.com
2026-05-21 22:22:43,222 | INFO | pharmacy | Открыт список позиций продаж пользователем volodya.shirko@gmail.com
2026-05-21 22:37:56,114 | INFO | pharmacy | Открыт список позиций продаж пользователем volodya.shirko@gmail.com
2026-05-21 22:38:06,609 | INFO | pharmacy | Открыт список продаж пользователем volodya.shirko@gmail.com
2026-05-21 22:38:18,842 | INFO | pharmacy | Открыт список позиций продаж пользователем volodya.shirko@gmail.com
2026-05-21 22:38:26,840 | INFO | pharmacy | Открыт список продаж пользователем volodya.shirko@gmail.com
2026-05-21 22:38:56,176 | INFO | pharmacy | Открыта страница входа/регистрации пользователем AnonymousUser
2026-05-21 22:38:58,769 | INFO | pharmacy | Успешный вход пользователя volodya.shirko@gmail.com
2026-05-21 22:39:08,237 | INFO | pharmacy | Открыт список продаж пользователем volodya.shirko@gmail.com
2026-05-21 22:39:12,886 | INFO | pharmacy | Открыта страница входа/регистрации пользователем AnonymousUser
2026-05-21 22:39:28,698 | WARNING | pharmacy | Ошибка формы входа у пользователя AnonymousUser
2026-05-21 22:39:28,698 | INFO | pharmacy | Открыта страница входа/регистрации пользователем AnonymousUser
2026-05-21 22:40:14,490 | WARNING | pharmacy | Ошибка формы регистрации у пользователя AnonymousUser: <ul class="errorlist"><li>username<ul class="errorlist" id="id_username_error"><li>A user with that username already exists.</li></ul></li><li>birth_date<ul class="errorlist" id="id_birth_date_error"><li>Вам должно быть не менее 18 лет.</li></ul></li></ul>
2026-05-21 22:40:14,492 | INFO | pharmacy | Открыта страница входа/регистрации пользователем AnonymousUser
2026-05-21 22:40:20,791 | WARNING | pharmacy | Ошибка формы входа у пользователя AnonymousUser
2026-05-21 22:40:20,792 | INFO | pharmacy | Открыта страница входа/регистрации пользователем AnonymousUser
2026-05-21 22:40:33,658 | INFO | pharmacy | Успешный вход пользователя Vlad
2026-05-21 22:40:37,683 | INFO | pharmacy | Открыта страница вакансий пользователем Vlad
2026-05-21 22:40:42,448 | INFO | pharmacy | Открыта страница управления пользователями пользователем Vlad
2026-05-21 22:40:50,536 | INFO | pharmacy | Изменены группы пользователя volodya.shirko@gmail.com: ['clients', 'employees']
2026-05-21 22:40:50,540 | INFO | pharmacy | Открыта страница управления пользователями пользователем Vlad
2026-05-21 22:40:56,511 | INFO | pharmacy | Открыта страница входа/регистрации пользователем AnonymousUser
2026-05-21 22:40:57,777 | INFO | pharmacy | Успешный вход пользователя volodya.shirko@gmail.com
2026-05-21 22:49:46,417 | INFO | pharmacy | Открыта страница входа/регистрации пользователем AnonymousUser
2026-05-21 22:49:49,271 | INFO | pharmacy | Успешный вход пользователя volodya.shirko@gmail.com
2026-05-21 22:49:56,386 | INFO | pharmacy | Открыта страница входа/регистрации пользователем AnonymousUser
2026-05-21 22:50:06,918 | INFO | pharmacy | Успешный вход пользователя Vlad
2026-05-21 23:11:20,910 | INFO | pharmacy | Открыт список продаж пользователем Vlad
2026-05-21 23:11:24,094 | INFO | pharmacy | Открыт список продаж пользователем Vlad
2026-05-21 23:11:24,979 | INFO | pharmacy | Открыт список позиций продаж пользователем Vlad
2026-05-21 23:11:25,679 | INFO | pharmacy | Открыт список продаж пользователем Vlad
2026-05-21 23:11:33,806 | INFO | pharmacy | Открыт каталог пользователем Vlad
2026-05-21 23:11:39,687 | INFO | pharmacy | Открыт список купонов пользователем Vlad
2026-05-21 23:11:44,124 | INFO | pharmacy | Открыта страница управления пользователями пользователем Vlad
2026-05-21 23:12:03,192 | INFO | pharmacy | Открыт список продаж пользователем Vlad
2026-05-21 23:12:06,158 | INFO | pharmacy | Открыт список позиций продаж пользователем Vlad
2026-05-21 23:12:07,750 | INFO | pharmacy | Открыт список продаж пользователем Vlad
2026-05-21 23:12:08,983 | INFO | pharmacy | Открыта форма редактирования продажи id=4 пользователем Vlad
2026-05-21 23:12:10,945 | INFO | pharmacy | Открыта форма редактирования продажи id=4 пользователем Vlad
2026-05-21 23:12:10,950 | INFO | pharmacy | Изменен объект Sale id=4 пользователем Vlad
2026-05-21 23:12:10,960 | INFO | pharmacy | Открыт список продаж пользователем Vlad
2026-05-21 23:13:00,278 | INFO | pharmacy | Открыт каталог пользователем Vlad
2026-05-22 00:04:25,924 | INFO | pharmacy | Открыта страница входа/регистрации пользователем AnonymousUser
2026-05-22 00:04:29,605 | INFO | pharmacy | Открыта страница контактов пользователем AnonymousUser
2026-05-22 00:04:33,055 | INFO | pharmacy | Открыта страница промокодов пользователем AnonymousUser
2026-05-22 00:04:36,407 | INFO | pharmacy | Открыт каталог пользователем AnonymousUser
2026-05-22 00:04:37,678 | INFO | pharmacy | Открыт каталог пользователем AnonymousUser
2026-05-22 00:04:44,041 | INFO | pharmacy | Открыт каталог пользователем AnonymousUser
2026-05-22 00:04:44,486 | INFO | pharmacy | Открыт каталог пользователем AnonymousUser
2026-05-22 00:04:44,899 | INFO | pharmacy | Открыт каталог пользователем AnonymousUser
2026-05-22 00:04:45,350 | INFO | pharmacy | Открыт каталог пользователем AnonymousUser
2026-05-22 00:04:47,206 | INFO | pharmacy | Открыт каталог пользователем AnonymousUser
2026-05-22 00:04:47,671 | INFO | pharmacy | Открыт каталог пользователем AnonymousUser
2026-05-22 00:04:48,436 | INFO | pharmacy | Открыт каталог пользователем AnonymousUser
2026-05-22 00:04:49,180 | INFO | pharmacy | Открыт каталог пользователем AnonymousUser
2026-05-22 00:04:50,154 | INFO | pharmacy | Открыт каталог пользователем AnonymousUser
2026-05-22 00:04:51,333 | INFO | pharmacy | Открыт каталог пользователем AnonymousUser
2026-05-22 00:04:53,199 | INFO | pharmacy | Открыт каталог пользователем AnonymousUser
2026-05-22 00:04:58,479 | INFO | pharmacy | Открыт каталог пользователем AnonymousUser
2026-05-22 00:05:00,724 | INFO | pharmacy | Открыта страница входа/регистрации пользователем AnonymousUser
2026-05-22 00:05:01,918 | WARNING | pharmacy | Ошибка формы входа у пользователя AnonymousUser
2026-05-22 00:05:01,918 | INFO | pharmacy | Открыта страница входа/регистрации пользователем AnonymousUser
2026-05-22 00:05:04,661 | WARNING | pharmacy | Ошибка формы входа у пользователя AnonymousUser
2026-05-22 00:05:04,661 | INFO | pharmacy | Открыта страница входа/регистрации пользователем AnonymousUser
2026-05-22 00:05:22,473 | INFO | pharmacy | Успешная регистрация пользователя volodya.shirko@gmail.com
2026-05-22 00:05:27,989 | INFO | pharmacy | Открыта страница вакансий пользователем volodya.shirko@gmail.com
2026-05-22 00:05:29,346 | INFO | pharmacy | Открыта страница промокодов пользователем volodya.shirko@gmail.com
2026-05-22 00:05:30,005 | INFO | pharmacy | Открыта страница контактов пользователем volodya.shirko@gmail.com
2026-05-22 00:05:32,340 | INFO | pharmacy | Открыт каталог пользователем volodya.shirko@gmail.com
2026-05-22 00:05:34,252 | INFO | pharmacy | Открыт список категорий медикаментов пользователем volodya.shirko@gmail.com
2026-05-22 00:08:14,345 | INFO | pharmacy | Открыт список позиций продаж пользователем Vlad
2026-05-22 00:08:14,885 | INFO | pharmacy | Открыт список продаж пользователем Vlad
2026-05-22 00:08:19,678 | INFO | pharmacy | Открыт каталог пользователем Vlad
2026-05-22 00:32:31,877 | INFO | pharmacy | Открыта страница управления пользователями пользователем Vlad
2026-05-22 00:32:47,372 | INFO | pharmacy | Изменены группы пользователя volodya.shirko@gmail.com: ['clients', 'employees']
2026-05-22 00:32:47,377 | INFO | pharmacy | Открыта страница управления пользователями пользователем Vlad
2026-05-22 00:32:51,389 | INFO | pharmacy | Изменены группы пользователя user10: ['clients']
2026-05-22 00:32:51,402 | INFO | pharmacy | Открыта страница управления пользователями пользователем Vlad
2026-05-22 00:32:53,381 | INFO | pharmacy | Изменены группы пользователя user02: ['clients']
2026-05-22 00:32:53,387 | INFO | pharmacy | Открыта страница управления пользователями пользователем Vlad
2026-05-22 00:32:54,822 | INFO | pharmacy | Изменены группы пользователя user03: ['clients']
2026-05-22 00:32:54,838 | INFO | pharmacy | Открыта страница управления пользователями пользователем Vlad
2026-05-22 00:32:56,443 | INFO | pharmacy | Изменены группы пользователя user04: ['clients', 'employees']
2026-05-22 00:32:56,451 | INFO | pharmacy | Открыта страница управления пользователями пользователем Vlad
2026-05-22 00:32:58,521 | INFO | pharmacy | Изменены группы пользователя user05: ['clients', 'employees']
2026-05-22 00:32:58,528 | INFO | pharmacy | Открыта страница управления пользователями пользователем Vlad
2026-05-22 00:33:00,282 | INFO | pharmacy | Изменены группы пользователя user06: ['employees']
2026-05-22 00:33:00,290 | INFO | pharmacy | Открыта страница управления пользователями пользователем Vlad
2026-05-22 00:33:02,966 | INFO | pharmacy | Изменены группы пользователя user07: ['clients']
2026-05-22 00:33:02,974 | INFO | pharmacy | Открыта страница управления пользователями пользователем Vlad
2026-05-22 00:33:06,348 | INFO | pharmacy | Изменены группы пользователя user08: ['clients', 'employees']
2026-05-22 00:33:06,356 | INFO | pharmacy | Открыта страница управления пользователями пользователем Vlad
2026-05-22 00:33:09,270 | INFO | pharmacy | Изменены группы пользователя user09: ['clients']
2026-05-22 00:33:09,276 | INFO | pharmacy | Открыта страница управления пользователями пользователем Vlad
2026-05-22 00:33:11,997 | INFO | pharmacy | Изменены группы пользователя user08: ['employees']
2026-05-22 00:33:12,007 | INFO | pharmacy | Открыта страница управления пользователями пользователем Vlad
2026-05-22 00:37:15,030 | INFO | pharmacy | Изменены группы пользователя volodya.shirko@gmail.com: ['clients', 'employees']
2026-05-22 00:37:15,052 | INFO | pharmacy | Открыта страница управления пользователями пользователем Vlad
2026-05-22 00:37:20,814 | INFO | pharmacy | Открыта страница входа/регистрации пользователем AnonymousUser
2026-05-22 00:37:45,872 | INFO | pharmacy | Успешная регистрация пользователя вукф
2026-05-22 00:37:51,841 | INFO | pharmacy | Открыта страница входа/регистрации пользователем AnonymousUser
2026-05-22 00:37:59,066 | WARNING | pharmacy | Ошибка формы входа у пользователя AnonymousUser
2026-05-22 00:37:59,066 | INFO | pharmacy | Открыта страница входа/регистрации пользователем AnonymousUser
2026-05-22 00:38:03,987 | INFO | pharmacy | Успешный вход пользователя Vlad
2026-05-22 00:38:09,496 | INFO | pharmacy | Открыта страница управления пользователями пользователем Vlad
2026-09-18 19:16:22,498 | INFO | pharmacy | Открыта страница контактов пользователем volodya.shirko@gmail.com
2026-09-18 19:16:52,861 | INFO | pharmacy | Открыта страница вакансий пользователем volodya.shirko@gmail.com
2026-09-18 19:18:02,052 | INFO | pharmacy | Открыта страница вакансий пользователем volodya.shirko@gmail.com
2026-09-18 19:18:03,798 | INFO | pharmacy | Открыта страница вакансий пользователем volodya.shirko@gmail.com
2026-09-18 19:18:04,829 | INFO | pharmacy | Открыта страница вакансий пользователем volodya.shirko@gmail.com
2026-09-18 19:18:07,089 | INFO | pharmacy | Открыта страница вакансий пользователем volodya.shirko@gmail.com
2026-09-18 19:18:10,446 | INFO | pharmacy | Открыта страница контактов пользователем volodya.shirko@gmail.com
2026-09-18 19:18:12,205 | INFO | pharmacy | Открыта страница вакансий пользователем volodya.shirko@gmail.com
2026-09-18 19:18:12,891 | INFO | pharmacy | Открыта страница контактов пользователем volodya.shirko@gmail.com
2026-09-18 19:18:43,238 | INFO | pharmacy | Открыта страница контактов пользователем volodya.shirko@gmail.com
2026-09-18 19:18:43,810 | INFO | pharmacy | Открыта страница вакансий пользователем volodya.shirko@gmail.com
2026-09-18 19:18:46,806 | INFO | pharmacy | Открыт каталог пользователем volodya.shirko@gmail.com
2026-09-18 19:18:55,203 | INFO | pharmacy | Открыта страница входа пользователем AnonymousUser
2026-09-18 19:19:11,519 | WARNING | pharmacy | Ошибка формы входа у пользователя AnonymousUser
2026-09-18 19:19:11,519 | INFO | pharmacy | Открыта страница входа пользователем AnonymousUser
2026-09-18 19:27:13,024 | INFO | pharmacy | Открыта страница вакансий пользователем Volody
2026-09-18 19:27:14,350 | INFO | pharmacy | Открыта страница контактов пользователем Volody
2026-09-18 19:27:17,786 | INFO | pharmacy | Открыта форма редактирования сотрудника id=2 пользователем Volody
2026-09-18 19:27:53,462 | INFO | pharmacy | Открыта форма редактирования сотрудника id=2 пользователем Volody
2026-09-18 19:27:53,513 | INFO | pharmacy | Изменен объект Employee id=2 пользователем Volody
2026-09-18 19:27:53,526 | INFO | pharmacy | Открыт список сотрудников пользователем Volody
2026-09-18 19:30:35,691 | INFO | pharmacy | Открыта форма редактирования сотрудника id=1 пользователем Volody
2026-09-18 19:31:22,435 | INFO | pharmacy | Открыта форма редактирования сотрудника id=1 пользователем Volody
2026-09-18 19:31:22,440 | INFO | pharmacy | Изменен объект Employee id=1 пользователем Volody
2026-09-18 19:31:22,452 | INFO | pharmacy | Открыт список сотрудников пользователем Volody
2026-09-18 19:31:29,047 | INFO | pharmacy | Открыта форма редактирования сотрудника id=2 пользователем Volody
2026-09-18 19:31:43,004 | INFO | pharmacy | Открыта форма редактирования сотрудника id=2 пользователем Volody
2026-09-18 19:31:43,007 | INFO | pharmacy | Изменен объект Employee id=2 пользователем Volody
2026-09-18 19:31:43,021 | INFO | pharmacy | Открыт список сотрудников пользователем Volody
2026-09-18 19:31:50,932 | INFO | pharmacy | Открыт список отделов пользователем Volody
2026-09-18 19:31:54,708 | INFO | pharmacy | Открыта форма создания отдела пользователем Volody
2026-09-18 19:32:07,612 | INFO | pharmacy | Открыта форма создания отдела пользователем Volody
2026-09-18 19:32:07,615 | INFO | pharmacy | Создан объект Department пользователем Volody
2026-09-18 19:32:07,627 | INFO | pharmacy | Открыт список отделов пользователем Volody
2026-09-18 19:32:12,363 | INFO | pharmacy | Открыт список сотрудников пользователем Volody
2026-09-18 19:32:14,347 | INFO | pharmacy | Открыта форма редактирования сотрудника id=1 пользователем Volody
2026-09-18 19:32:18,513 | INFO | pharmacy | Открыта форма редактирования сотрудника id=1 пользователем Volody
2026-09-18 19:32:18,523 | INFO | pharmacy | Изменен объект Employee id=1 пользователем Volody
2026-09-18 19:32:18,537 | INFO | pharmacy | Открыт список сотрудников пользователем Volody
2026-09-18 19:32:26,630 | INFO | pharmacy | Открыта форма редактирования сотрудника id=1 пользователем Volody
2026-09-18 19:32:39,340 | INFO | pharmacy | Открыта форма редактирования сотрудника id=1 пользователем Volody
2026-09-18 19:32:39,344 | INFO | pharmacy | Изменен объект Employee id=1 пользователем Volody
2026-09-18 19:32:39,369 | INFO | pharmacy | Открыт список сотрудников пользователем Volody
2026-09-18 19:34:03,084 | INFO | pharmacy | Открыт список сотрудников пользователем Volody
2026-09-18 19:34:10,040 | INFO | pharmacy | Открыт список сотрудников пользователем Volody
2026-09-18 19:34:10,760 | INFO | pharmacy | Открыт список сотрудников пользователем Volody
2026-09-18 19:34:14,494 | INFO | pharmacy | Открыт список сотрудников пользователем Volody
2026-09-18 19:38:01,262 | INFO | pharmacy | Открыт список сотрудников пользователем Volody
2026-09-18 19:55:07,542 | INFO | pharmacy | Открыт каталог пользователем Volody
2026-09-18 20:00:28,179 | INFO | pharmacy | Открыта страница контактов пользователем Volody
2026-09-18 20:03:55,252 | INFO | pharmacy | Открыт каталог пользователем Volody
2026-09-18 20:03:56,323 | INFO | pharmacy | Открыт каталог пользователем Volody
2026-09-18 20:23:42,936 | INFO | pharmacy | Открыт каталог пользователем Volody
2026-09-18 20:24:35,216 | INFO | pharmacy | Открыт каталог пользователем Volody
2026-09-18 20:24:43,895 | INFO | pharmacy | Открыт каталог пользователем AnonymousUser
2026-09-18 20:24:54,274 | INFO | pharmacy | Открыта страница входа пользователем AnonymousUser
2026-09-18 20:24:55,845 | INFO | pharmacy | Успешный вход пользователя volodya.shirko@gmail.com
2026-09-18 20:25:54,127 | INFO | pharmacy | Открыта страница контактов пользователем volodya.shirko@gmail.com
2026-09-18 20:25:54,792 | INFO | pharmacy | Открыта страница вакансий пользователем volodya.shirko@gmail.com
2026-09-18 20:26:23,829 | INFO | pharmacy | Открыта страница вакансий пользователем volodya.shirko@gmail.com
2026-09-18 20:26:36,582 | INFO | pharmacy | Открыт каталог пользователем volodya.shirko@gmail.com
2026-09-18 20:26:38,290 | INFO | pharmacy | Открыта страница контактов пользователем volodya.shirko@gmail.com
2026-09-18 20:26:38,993 | INFO | pharmacy | Открыта страница вакансий пользователем volodya.shirko@gmail.com
2026-09-18 20:27:01,803 | INFO | pharmacy | Открыта страница вакансий пользователем volodya.shirko@gmail.com
2026-09-18 20:27:34,006 | INFO | pharmacy | Открыта страница входа пользователем AnonymousUser
2026-09-18 20:27:55,701 | INFO | pharmacy | Открыта страница входа пользователем AnonymousUser
2026-09-18 20:27:57,180 | INFO | pharmacy | Успешный вход пользователя volodya.shirko@gmail.com
2026-09-18 20:28:04,556 | INFO | pharmacy | Открыт список купонов пользователем volodya.shirko@gmail.com
2026-09-18 20:28:07,947 | INFO | pharmacy | Открыта страница промокодов пользователем volodya.shirko@gmail.com
2026-09-18 20:28:12,708 | INFO | pharmacy | Открыт список льгот пользователем volodya.shirko@gmail.com
2026-09-18 20:28:14,754 | INFO | pharmacy | Открыт список купонов пользователем volodya.shirko@gmail.com
2026-09-18 20:28:17,582 | INFO | pharmacy | Открыт список льгот пользователем volodya.shirko@gmail.com
2026-09-18 20:28:18,098 | INFO | pharmacy | Открыт каталог пользователем volodya.shirko@gmail.com
2026-09-18 20:28:19,104 | INFO | pharmacy | Открыт список категорий медикаментов пользователем volodya.shirko@gmail.com
2026-09-18 20:28:22,997 | INFO | pharmacy | Открыта страница вакансий пользователем volodya.shirko@gmail.com
2026-09-18 20:28:25,332 | INFO | pharmacy | Открыта страница промокодов пользователем volodya.shirko@gmail.com
2026-09-18 20:28:27,586 | INFO | pharmacy | Открыта страница промокодов пользователем AnonymousUser
2026-09-18 20:29:07,321 | INFO | pharmacy | Открыт каталог пользователем AnonymousUser
2026-09-18 20:29:14,466 | INFO | pharmacy | Открыт каталог пользователем AnonymousUser
2026-09-18 20:29:16,171 | INFO | pharmacy | Открыта страница контактов пользователем AnonymousUser
2026-09-18 20:29:16,709 | INFO | pharmacy | Открыта страница вакансий пользователем AnonymousUser
2026-09-18 20:29:17,599 | INFO | pharmacy | Открыта страница промокодов пользователем AnonymousUser
2026-09-18 20:29:18,865 | INFO | pharmacy | Открыта страница входа пользователем AnonymousUser
2026-09-18 20:29:19,614 | INFO | pharmacy | Открыта страница регистрации пользователем AnonymousUser
2026-09-19 14:06:22,191 | INFO | pharmacy | Открыт каталог пользователем AnonymousUser
2026-09-19 14:06:24,501 | INFO | pharmacy | Открыта страница контактов пользователем AnonymousUser
2026-09-19 14:06:27,140 | INFO | pharmacy | Открыта страница регистрации пользователем AnonymousUser
2026-09-19 14:06:27,815 | INFO | pharmacy | Открыта страница входа пользователем AnonymousUser
2026-09-19 14:06:28,703 | INFO | pharmacy | Открыт каталог пользователем AnonymousUser
2026-09-19 14:06:30,111 | INFO | pharmacy | Открыт каталог пользователем AnonymousUser
2026-09-19 14:13:28,735 | INFO | pharmacy | Открыта страница промокодов пользователем AnonymousUser
2026-09-19 14:13:30,112 | INFO | pharmacy | Открыта страница контактов пользователем AnonymousUser
2026-09-19 14:50:24,692 | INFO | pharmacy | Открыт каталог пользователем AnonymousUser
2026-09-19 14:50:27,571 | INFO | pharmacy | Открыта страница вакансий пользователем AnonymousUser
2026-09-19 14:50:28,123 | INFO | pharmacy | Открыта страница контактов пользователем AnonymousUser
2026-09-19 14:50:45,505 | INFO | pharmacy | Открыта страница контактов пользователем AnonymousUser
2026-09-19 14:50:58,682 | INFO | pharmacy | Открыта страница входа пользователем AnonymousUser
2026-09-19 14:51:00,031 | INFO | pharmacy | Успешный вход пользователя volodya.shirko@gmail.com
2026-09-19 14:51:11,242 | INFO | pharmacy | Открыта страница промокодов пользователем volodya.shirko@gmail.com
2026-09-19 14:51:12,505 | INFO | pharmacy | Открыта страница вакансий пользователем volodya.shirko@gmail.com
2026-09-19 15:36:43,513 | INFO | pharmacy | Открыт каталог пользователем Volody
2026-09-19 15:42:36,125 | INFO | pharmacy | Открыт каталог пользователем Volody
2026-09-19 15:42:56,383 | INFO | pharmacy | Открыт каталог пользователем Volody
2026-09-19 15:42:57,071 | INFO | pharmacy | Открыт каталог пользователем Volody
2026-09-19 15:43:03,128 | INFO | pharmacy | Открыт каталог пользователем Volody
2026-09-20 12:24:22,442 | INFO | pharmacy | Открыт каталог пользователем Volody
2026-09-20 13:25:17,782 | INFO | pharmacy | Открыта страница промокодов пользователем Volody
2026-09-20 14:15:45,586 | INFO | pharmacy | Открыта форма редактирования купона id=1 пользователем Volody
2026-09-20 14:15:50,071 | INFO | pharmacy | Открыта форма редактирования купона id=1 пользователем Volody
2026-09-20 14:15:50,080 | INFO | pharmacy | Изменен объект Coupons id=1 пользователем Volody
2026-09-20 14:15:50,093 | INFO | pharmacy | Открыт список купонов пользователем Volody
2026-09-20 14:16:00,580 | INFO | pharmacy | Открыт каталог пользователем Volody
2026-09-20 14:26:22,301 | INFO | pharmacy | Открыта страница вакансий пользователем Volody
2026-09-20 14:28:23,368 | INFO | pharmacy | Открыта страница управления пользователями пользователем Volody
2026-09-20 14:28:28,730 | INFO | pharmacy | Открыт каталог пользователем Volody
2026-09-20 14:39:44,805 | INFO | pharmacy | Открыт каталог пользователем Volody
2026-09-20 14:39:45,747 | INFO | pharmacy | Открыта страница контактов пользователем Volody
2026-09-20 14:39:47,119 | INFO | pharmacy | Открыт каталог пользователем Volody
2026-09-20 14:40:02,358 | INFO | pharmacy | Открыт каталог пользователем Volody
2026-09-20 14:40:25,403 | INFO | pharmacy | Открыта страница контактов пользователем Volody
2026-09-20 14:40:38,912 | INFO | pharmacy | Открыта страница вакансий пользователем Volody
2026-09-20 14:41:06,248 | INFO | pharmacy | Открыта страница контактов пользователем Volody
2026-09-20 14:41:06,268 | INFO | pharmacy | Открыта страница вакансий пользователем Volody
2026-09-20 14:41:07,400 | INFO | pharmacy | Открыта страница вакансий пользователем Volody
2026-09-20 14:41:41,796 | INFO | pharmacy | Открыт каталог пользователем Volody
2026-09-20 14:42:29,686 | INFO | pharmacy | Открыт каталог пользователем Volody
2026-09-20 14:42:31,313 | INFO | pharmacy | Открыт каталог пользователем Volody
2026-09-20 14:42:34,186 | INFO | pharmacy | Открыта страница вакансий пользователем Volody
2026-09-20 14:42:35,851 | INFO | pharmacy | Открыта страница промокодов пользователем Volody
2026-09-20 14:42:51,740 | INFO | pharmacy | Открыт список отделов пользователем Volody
2026-09-20 14:42:53,057 | INFO | pharmacy | Открыт список сотрудников пользователем Volody
2026-09-20 14:42:54,222 | INFO | pharmacy | Открыт список вакансий пользователем Volody
2026-09-20 14:42:55,139 | INFO | pharmacy | Открыт список поставщиков пользователем Volody
2026-09-20 14:42:55,882 | INFO | pharmacy | Открыт список категорий медикаментов пользователем Volody
2026-09-20 14:42:56,559 | INFO | pharmacy | Открыт каталог пользователем Volody
2026-09-20 14:42:57,064 | INFO | pharmacy | Открыт список отделов пользователем Volody
2026-09-20 14:43:06,179 | INFO | pharmacy | Открыт список сотрудников пользователем Volody
2026-09-20 14:43:51,926 | INFO | pharmacy | Открыт список отделов пользователем Volody
2026-09-20 14:43:51,948 | INFO | pharmacy | Открыт список сотрудников пользователем Volody
2026-09-20 14:43:52,510 | INFO | pharmacy | Открыт каталог пользователем Volody
2026-09-20 14:43:53,287 | INFO | pharmacy | Открыт список категорий медикаментов пользователем Volody
2026-09-20 14:44:01,911 | INFO | pharmacy | Открыт список позиций продаж пользователем Volody
2026-09-20 14:44:02,823 | INFO | pharmacy | Открыт список позиций продаж пользователем Volody
2026-09-20 14:44:03,812 | INFO | pharmacy | Открыт список льгот пользователем Volody
2026-09-20 14:44:04,575 | INFO | pharmacy | Открыт список купонов пользователем Volody
2026-09-20 14:44:05,666 | INFO | pharmacy | Открыт список поставщиков пользователем Volody
2026-09-20 14:44:07,137 | INFO | pharmacy | Открыт список продаж пользователем Volody
2026-09-20 14:44:38,444 | INFO | pharmacy | Открыт каталог пользователем Volody
2026-09-20 15:02:30,664 | INFO | pharmacy | Открыт каталог пользователем Volody
2026-09-20 15:02:31,872 | INFO | pharmacy | Открыт каталог пользователем Volody
2026-09-20 15:02:35,068 | INFO | pharmacy | Открыта страница контактов пользователем Volody
2026-09-20 15:02:35,665 | INFO | pharmacy | Открыта страница вакансий пользователем Volody
2026-09-20 15:02:36,726 | INFO | pharmacy | Открыта страница промокодов пользователем Volody
2026-09-20 21:49:31,162 | INFO | pharmacy | Открыт каталог пользователем Volody
2026-09-20 21:49:32,395 | INFO | pharmacy | Открыта страница вакансий пользователем Volody
2026-09-20 21:49:34,777 | INFO | pharmacy | Открыт список продаж пользователем Volody
2026-09-20 21:49:35,293 | INFO | pharmacy | Открыт список позиций продаж пользователем Volody
2026-09-20 21:49:35,671 | INFO | pharmacy | Открыт список позиций продаж пользователем Volody
2026-09-20 21:49:36,506 | INFO | pharmacy | Открыт список поставщиков пользователем Volody
2026-09-20 21:49:37,008 | INFO | pharmacy | Открыт список категорий медикаментов пользователем Volody
2026-09-20 21:49:37,459 | INFO | pharmacy | Открыт каталог пользователем Volody
2026-09-20 21:49:38,001 | INFO | pharmacy | Открыт список сотрудников пользователем Volody
2026-09-20 21:49:38,534 | INFO | pharmacy | Открыт список вакансий пользователем Volody
2026-09-20 21:49:39,320 | INFO | pharmacy | Открыт список отделов пользователем Volody
2026-09-20 22:01:10,393 | INFO | pharmacy | Открыта страница вакансий пользователем AnonymousUser
2026-09-20 22:02:43,420 | INFO | pharmacy | Открыта страница вакансий пользователем AnonymousUser
2026-09-20 22:02:43,467 | INFO | pharmacy | Открыта страница вакансий пользователем AnonymousUser
2026-09-20 22:03:22,074 | INFO | pharmacy | Открыта страница вакансий пользователем AnonymousUser
2026-09-20 22:03:51,717 | INFO | pharmacy | Открыта страница промокодов пользователем AnonymousUser
2026-09-20 22:04:25,395 | INFO | pharmacy | Открыта страница промокодов пользователем AnonymousUser
2026-09-20 22:04:27,920 | INFO | pharmacy | Открыта страница промокодов пользователем AnonymousUser
2026-09-20 22:04:29,645 | INFO | pharmacy | Открыта страница вакансий пользователем AnonymousUser
2026-09-20 22:04:30,464 | INFO | pharmacy | Открыта страница контактов пользователем AnonymousUser
2026-09-20 22:04:33,485 | INFO | pharmacy | Открыт каталог пользователем AnonymousUser
2026-09-20 22:04:37,508 | INFO | pharmacy | Открыта страница контактов пользователем AnonymousUser
2026-09-20 22:04:38,530 | INFO | pharmacy | Открыт каталог пользователем AnonymousUser
2026-09-20 22:04:41,643 | INFO | pharmacy | Открыта страница контактов пользователем AnonymousUser
2026-09-20 22:04:42,378 | INFO | pharmacy | Открыта страница вакансий пользователем AnonymousUser
2026-09-20 22:09:53,966 | INFO | pharmacy | Открыта страница промокодов пользователем AnonymousUser
2026-09-20 22:10:05,701 | INFO | pharmacy | Открыта страница промокодов пользователем AnonymousUser
2026-09-20 22:12:56,605 | INFO | pharmacy | Открыт каталог пользователем AnonymousUser
2026-09-20 22:13:33,919 | INFO | pharmacy | Открыта страница промокодов пользователем AnonymousUser
2026-09-20 22:17:43,681 | INFO | pharmacy | Открыта страница промокодов пользователем AnonymousUser
2026-09-20 22:42:12,710 | INFO | pharmacy | Открыта страница промокодов пользователем AnonymousUser
2026-09-20 22:43:36,333 | INFO | pharmacy | Открыта страница промокодов пользователем AnonymousUser
2026-09-20 22:46:56,284 | INFO | pharmacy | Открыта страница промокодов пользователем AnonymousUser
2026-09-20 22:53:22,984 | INFO | pharmacy | Открыт каталог пользователем AnonymousUser
2026-09-20 22:56:18,400 | INFO | pharmacy | Открыта страница контактов пользователем AnonymousUser
2026-09-20 22:56:19,008 | INFO | pharmacy | Открыта страница вакансий пользователем AnonymousUser
2026-09-20 22:58:31,947 | INFO | pharmacy | Открыта страница контактов пользователем AnonymousUser
2026-09-20 22:59:37,381 | INFO | pharmacy | Открыта страница промокодов пользователем AnonymousUser
2026-09-20 22:59:37,415 | INFO | pharmacy | Открыта страница промокодов пользователем AnonymousUser
2026-09-20 22:59:47,982 | INFO | pharmacy | Открыта страница промокодов пользователем AnonymousUser
2026-09-20 23:01:54,490 | INFO | pharmacy | Открыта страница промокодов пользователем AnonymousUser
2026-09-21 08:30:15,356 | INFO | pharmacy | Открыта страница промокодов пользователем AnonymousUser
2026-09-21 08:31:09,421 | INFO | pharmacy | Открыта страница промокодов пользователем AnonymousUser
2026-09-21 10:17:45,246 | INFO | pharmacy | Открыта страница промокодов пользователем AnonymousUser
2026-09-21 10:21:35,978 | INFO | pharmacy | Открыта страница входа пользователем AnonymousUser
2026-09-21 10:21:37,525 | INFO | pharmacy | Открыта страница регистрации пользователем AnonymousUser
2026-09-21 10:30:50,873 | INFO | pharmacy | Открыта страница промокодов пользователем AnonymousUser
2026-09-21 10:50:58,664 | INFO | pharmacy | Открыта страница вакансий пользователем AnonymousUser
2026-09-21 10:56:48,501 | INFO | pharmacy | Открыта страница промокодов пользователем AnonymousUser
2026-09-21 10:58:43,856 | INFO | pharmacy | Открыта страница вакансий пользователем AnonymousUser
2026-09-21 10:59:13,755 | INFO | pharmacy | Открыта страница вакансий пользователем AnonymousUser
2026-09-21 10:59:14,424 | INFO | pharmacy | Открыта страница промокодов пользователем AnonymousUser
2026-09-21 11:00:21,487 | INFO | pharmacy | Открыта страница промокодов пользователем AnonymousUser
2026-09-21 11:04:05,905 | INFO | pharmacy | Открыта страница контактов пользователем AnonymousUser
2026-09-21 11:12:51,781 | INFO | pharmacy | Открыта страница промокодов пользователем AnonymousUser
2026-09-21 11:12:53,339 | INFO | pharmacy | Открыта страница вакансий пользователем AnonymousUser
2026-09-21 11:13:49,763 | INFO | pharmacy | Открыта страница промокодов пользователем AnonymousUser
2026-09-21 11:13:55,463 | INFO | pharmacy | Открыта страница вакансий пользователем AnonymousUser
2026-09-21 11:14:48,888 | INFO | pharmacy | Открыта страница промокодов пользователем AnonymousUser
2026-09-21 11:14:48,916 | INFO | pharmacy | Открыта страница вакансий пользователем AnonymousUser
2026-09-21 11:14:51,784 | INFO | pharmacy | Открыта страница контактов пользователем AnonymousUser
2026-09-21 11:14:53,520 | INFO | pharmacy | Открыта страница вакансий пользователем AnonymousUser
2026-09-21 11:15:06,002 | INFO | pharmacy | Открыта страница входа пользователем AnonymousUser
2026-09-21 11:15:09,567 | INFO | pharmacy | Открыт каталог пользователем AnonymousUser
2026-09-24 22:53:38,125 | INFO | pharmacy | Открыт каталог пользователем AnonymousUser
2026-09-24 22:53:38,542 | INFO | pharmacy | Открыта страница контактов пользователем AnonymousUser
2026-09-24 22:53:40,639 | INFO | pharmacy | Открыт каталог пользователем AnonymousUser
2026-09-24 22:53:54,304 | INFO | pharmacy | Открыта страница входа пользователем AnonymousUser
2026-09-24 22:53:54,322 | INFO | pharmacy | Открыта страница регистрации пользователем AnonymousUser
2026-09-24 22:53:55,760 | INFO | pharmacy | Открыта страница регистрации пользователем AnonymousUser
2026-09-24 22:53:57,163 | INFO | pharmacy | Открыта страница входа пользователем AnonymousUser
2026-09-24 22:53:57,868 | INFO | pharmacy | Открыта страница регистрации пользователем AnonymousUser
2026-09-24 22:55:43,179 | INFO | pharmacy | Открыта страница входа пользователем AnonymousUser
2026-09-24 22:55:44,810 | INFO | pharmacy | Успешный вход пользователя volodya.shirko@gmail.com
2026-09-24 22:57:09,325 | INFO | pharmacy | Открыт каталог пользователем volodya.shirko@gmail.com
2026-09-24 22:57:10,288 | INFO | pharmacy | Открыт список категорий медикаментов пользователем volodya.shirko@gmail.com
2026-09-24 22:57:13,046 | INFO | pharmacy | Открыт список категорий медикаментов пользователем volodya.shirko@gmail.com
2026-09-24 22:57:14,439 | INFO | pharmacy | Открыт список вакансий пользователем volodya.shirko@gmail.com
2026-09-24 22:57:17,716 | INFO | pharmacy | Открыт список льгот пользователем volodya.shirko@gmail.com
2026-09-24 22:57:18,358 | INFO | pharmacy | Открыт каталог пользователем volodya.shirko@gmail.com
2026-09-24 22:57:22,204 | INFO | pharmacy | Открыт список льгот пользователем volodya.shirko@gmail.com
2026-09-24 22:57:22,640 | INFO | pharmacy | Открыт список купонов пользователем volodya.shirko@gmail.com
2026-09-24 22:57:37,607 | INFO | pharmacy | Открыт каталог пользователем volodya.shirko@gmail.com
2026-09-24 22:57:52,480 | INFO | pharmacy | Открыта страница контактов пользователем volodya.shirko@gmail.com
2026-09-24 22:57:53,231 | INFO | pharmacy | Открыта страница вакансий пользователем volodya.shirko@gmail.com
2026-09-24 22:57:54,830 | INFO | pharmacy | Открыта страница промокодов пользователем volodya.shirko@gmail.com
2026-09-24 22:57:55,305 | INFO | pharmacy | Открыта страница промокодов пользователем volodya.shirko@gmail.com
2026-09-24 22:57:56,925 | INFO | pharmacy | Открыта страница промокодов пользователем volodya.shirko@gmail.com
2026-09-24 22:58:46,341 | INFO | pharmacy | Открыт список купонов пользователем volodya.shirko@gmail.com
2026-09-24 22:58:47,732 | INFO | pharmacy | Открыт список льгот пользователем volodya.shirko@gmail.com
2026-09-24 22:58:51,237 | INFO | pharmacy | Открыт список купонов пользователем volodya.shirko@gmail.com
2026-09-24 22:58:54,851 | INFO | pharmacy | Открыта страница вакансий пользователем volodya.shirko@gmail.com
2026-09-24 22:58:59,937 | INFO | pharmacy | Открыта страница промокодов пользователем volodya.shirko@gmail.com
2026-09-24 22:59:01,058 | INFO | pharmacy | Открыт каталог пользователем volodya.shirko@gmail.com
2026-09-24 22:59:03,859 | INFO | pharmacy | Открыта страница промокодов пользователем volodya.shirko@gmail.com
2026-09-24 23:07:31,470 | INFO | pharmacy | Открыта страница вакансий пользователем volodya.shirko@gmail.com
2026-09-24 23:07:31,514 | INFO | pharmacy | Открыта страница промокодов пользователем volodya.shirko@gmail.com
2026-09-24 23:07:32,457 | INFO | pharmacy | Открыта страница промокодов пользователем volodya.shirko@gmail.com
2026-09-24 23:10:44,571 | INFO | pharmacy | Открыт каталог пользователем volodya.shirko@gmail.com
2026-09-24 23:55:35,038 | INFO | pharmacy | Открыта страница вакансий пользователем volodya.shirko@gmail.com
2026-09-24 23:55:35,966 | INFO | pharmacy | Открыта страница контактов пользователем volodya.shirko@gmail.com
2026-09-24 23:59:12,903 | INFO | pharmacy | Открыта страница промокодов пользователем volodya.shirko@gmail.com
2026-09-25 00:23:21,348 | INFO | pharmacy | Открыта страница вакансий пользователем volodya.shirko@gmail.com
2026-09-25 00:23:22,711 | INFO | pharmacy | Открыта страница промокодов пользователем volodya.shirko@gmail.com
2026-09-25 00:24:44,135 | INFO | pharmacy | Открыт каталог пользователем volodya.shirko@gmail.com
2026-09-25 00:25:49,579 | INFO | pharmacy | Открыта страница промокодов пользователем AnonymousUser
2026-09-25 00:26:00,354 | INFO | pharmacy | Открыта страница промокодов пользователем AnonymousUser
2026-09-25 00:36:17,123 | INFO | pharmacy | Открыта страница вакансий пользователем AnonymousUser
2026-09-25 00:38:56,812 | INFO | pharmacy | Открыт каталог пользователем AnonymousUser
2026-09-25 00:43:30,216 | INFO | pharmacy | Открыта страница контактов пользователем volodya.shirko@gmail.com
2026-09-25 00:43:31,076 | INFO | pharmacy | Открыта страница вакансий пользователем volodya.shirko@gmail.com
2026-09-25 00:43:32,030 | INFO | pharmacy | Открыта страница вакансий пользователем volodya.shirko@gmail.com
2026-09-25 00:59:48,600 | INFO | pharmacy | Открыта страница контактов пользователем volodya.shirko@gmail.com
2026-09-25 00:59:58,965 | INFO | pharmacy | Открыт каталог пользователем volodya.shirko@gmail.com
2026-09-25 01:00:26,428 | INFO | pharmacy | Открыта страница входа пользователем AnonymousUser
2026-09-25 01:00:33,035 | INFO | pharmacy | Открыта страница вакансий пользователем AnonymousUser
2026-09-25 01:00:33,188 | INFO | pharmacy | Успешный вход пользователя volodya.shirko@gmail.com
2026-09-25 01:00:34,429 | INFO | pharmacy | Открыта страница промокодов пользователем AnonymousUser
2026-09-25 01:00:35,725 | INFO | pharmacy | Открыта страница входа пользователем AnonymousUser
2026-09-25 01:00:37,439 | INFO | pharmacy | Успешный вход пользователя volodya.shirko@gmail.com
2026-09-25 01:00:37,580 | INFO | pharmacy | Успешный вход пользователя volodya.shirko@gmail.com
2026-09-25 01:01:08,724 | INFO | pharmacy | Открыта страница промокодов пользователем volodya.shirko@gmail.com
2026-09-25 01:01:15,783 | INFO | pharmacy | Открыта страница контактов пользователем AnonymousUser
2026-09-25 01:01:16,748 | INFO | pharmacy | Открыта страница вакансий пользователем AnonymousUser
2026-09-25 01:01:18,404 | INFO | pharmacy | Открыта страница промокодов пользователем AnonymousUser
2026-09-25 01:01:18,419 | INFO | pharmacy | Открыта страница промокодов пользователем AnonymousUser
2026-09-25 01:01:31,678 | INFO | pharmacy | Открыта страница входа пользователем AnonymousUser
2026-09-25 01:02:19,150 | INFO | pharmacy | Успешный вход пользователя Volody
2026-09-25 01:02:39,285 | INFO | pharmacy | Открыт каталог пользователем Volody
2026-09-25 01:02:53,544 | INFO | pharmacy | Открыта форма редактирования медикамента id=1 пользователем Volody
2026-09-25 01:03:32,638 | INFO | pharmacy | Изменен медикамент id=1 пользователем Volody
2026-09-25 01:03:32,659 | INFO | pharmacy | Открыт каталог пользователем Volody
2026-09-25 01:03:34,448 | INFO | pharmacy | Открыт каталог пользователем Volody
2026-09-25 01:03:53,085 | INFO | pharmacy | Открыта форма редактирования медикамента id=2 пользователем Volody
2026-09-25 01:04:04,086 | INFO | pharmacy | Открыта форма редактирования медикамента id=3 пользователем Volody
2026-09-25 01:04:24,767 | INFO | pharmacy | Изменен медикамент id=3 пользователем Volody
2026-09-25 01:04:24,782 | INFO | pharmacy | Открыт каталог пользователем Volody
2026-09-25 01:04:55,852 | INFO | pharmacy | Открыта форма редактирования медикамента id=2 пользователем Volody
2026-09-25 01:05:01,226 | INFO | pharmacy | Изменен медикамент id=2 пользователем Volody
2026-09-25 01:05:01,239 | INFO | pharmacy | Открыт каталог пользователем Volody
2026-09-25 01:05:17,777 | INFO | pharmacy | Открыта форма редактирования медикамента id=4 пользователем Volody
2026-09-25 01:05:21,963 | INFO | pharmacy | Изменен медикамент id=4 пользователем Volody
2026-09-25 01:05:21,983 | INFO | pharmacy | Открыт каталог пользователем Volody
2026-09-25 01:05:42,556 | INFO | pharmacy | Открыта форма редактирования медикамента id=5 пользователем Volody
2026-09-25 01:05:46,978 | INFO | pharmacy | Изменен медикамент id=5 пользователем Volody
2026-09-25 01:05:46,991 | INFO | pharmacy | Открыт каталог пользователем Volody
2026-09-25 01:06:03,517 | INFO | pharmacy | Открыта форма редактирования медикамента id=6 пользователем Volody
2026-09-25 01:06:08,035 | INFO | pharmacy | Изменен медикамент id=6 пользователем Volody
2026-09-25 01:06:08,048 | INFO | pharmacy | Открыт каталог пользователем Volody
2026-09-25 01:06:24,084 | INFO | pharmacy | Открыта форма редактирования медикамента id=7 пользователем Volody
2026-09-25 01:06:27,817 | INFO | pharmacy | Изменен медикамент id=7 пользователем Volody
2026-09-25 01:06:27,838 | INFO | pharmacy | Открыт каталог пользователем Volody
2026-09-25 01:06:46,958 | INFO | pharmacy | Открыта форма редактирования медикамента id=8 пользователем Volody
2026-09-25 01:06:51,176 | INFO | pharmacy | Изменен медикамент id=8 пользователем Volody
2026-09-25 01:06:51,189 | INFO | pharmacy | Открыт каталог пользователем Volody
2026-09-25 01:07:09,658 | INFO | pharmacy | Открыта форма редактирования медикамента id=9 пользователем Volody
2026-09-25 01:07:12,649 | INFO | pharmacy | Изменен медикамент id=9 пользователем Volody
2026-09-25 01:07:12,661 | INFO | pharmacy | Открыт каталог пользователем Volody
2026-09-25 01:07:16,107 | INFO | pharmacy | Открыта форма редактирования медикамента id=10 пользователем Volody
2026-09-25 01:07:32,673 | INFO | pharmacy | Изменен медикамент id=10 пользователем Volody
2026-09-25 01:07:32,693 | INFO | pharmacy | Открыт каталог пользователем Volody
2026-09-25 01:08:17,446 | INFO | pharmacy | Открыта форма редактирования медикамента id=11 пользователем Volody
2026-09-25 01:08:20,970 | INFO | pharmacy | Изменен медикамент id=11 пользователем Volody
2026-09-25 01:08:20,984 | INFO | pharmacy | Открыт каталог пользователем Volody
2026-09-25 01:08:40,943 | INFO | pharmacy | Открыта форма редактирования медикамента id=12 пользователем Volody
2026-09-25 01:08:44,184 | INFO | pharmacy | Изменен медикамент id=12 пользователем Volody
2026-09-25 01:08:44,198 | INFO | pharmacy | Открыт каталог пользователем Volody
2026-09-25 01:09:01,156 | INFO | pharmacy | Открыта форма редактирования медикамента id=13 пользователем Volody
2026-09-25 01:09:05,236 | INFO | pharmacy | Изменен медикамент id=13 пользователем Volody
2026-09-25 01:09:05,252 | INFO | pharmacy | Открыт каталог пользователем Volody
2026-09-25 01:09:20,521 | INFO | pharmacy | Открыта форма редактирования медикамента id=14 пользователем Volody
2026-09-25 01:09:24,187 | INFO | pharmacy | Изменен медикамент id=14 пользователем Volody
2026-09-25 01:09:24,205 | INFO | pharmacy | Открыт каталог пользователем Volody
2026-09-25 01:09:38,486 | INFO | pharmacy | Открыта форма редактирования медикамента id=15 пользователем Volody
2026-09-25 01:09:42,533 | INFO | pharmacy | Изменен медикамент id=15 пользователем Volody
2026-09-25 01:09:42,546 | INFO | pharmacy | Открыт каталог пользователем Volody
2026-09-25 01:09:56,302 | INFO | pharmacy | Открыта форма редактирования медикамента id=16 пользователем Volody
2026-09-25 01:09:59,670 | INFO | pharmacy | Изменен медикамент id=16 пользователем Volody
2026-09-25 01:09:59,682 | INFO | pharmacy | Открыт каталог пользователем Volody
2026-09-25 01:10:33,574 | INFO | pharmacy | Открыта форма редактирования медикамента id=17 пользователем Volody
2026-09-25 01:10:38,987 | INFO | pharmacy | Изменен медикамент id=17 пользователем Volody
2026-09-25 01:10:38,999 | INFO | pharmacy | Открыт каталог пользователем Volody
2026-09-25 01:11:03,805 | INFO | pharmacy | Открыта форма редактирования медикамента id=18 пользователем Volody
2026-09-25 01:11:07,657 | INFO | pharmacy | Изменен медикамент id=18 пользователем Volody
2026-09-25 01:11:07,669 | INFO | pharmacy | Открыт каталог пользователем Volody
2026-09-25 01:11:24,012 | INFO | pharmacy | Открыт каталог пользователем Volody
2026-09-25 01:11:24,037 | INFO | pharmacy | Открыт каталог пользователем Volody
2026-09-25 01:11:44,081 | INFO | pharmacy | Открыта форма редактирования медикамента id=19 пользователем Volody
2026-09-25 01:11:47,905 | INFO | pharmacy | Изменен медикамент id=19 пользователем Volody
2026-09-25 01:11:47,918 | INFO | pharmacy | Открыт каталог пользователем Volody
2026-09-25 01:12:24,736 | INFO | pharmacy | Открыта форма редактирования медикамента id=30 пользователем Volody
2026-09-25 01:12:28,397 | INFO | pharmacy | Изменен медикамент id=30 пользователем Volody
2026-09-25 01:12:28,424 | INFO | pharmacy | Открыт каталог пользователем Volody
2026-09-25 01:12:45,850 | INFO | pharmacy | Открыта форма редактирования медикамента id=27 пользователем Volody
2026-09-25 01:12:49,296 | INFO | pharmacy | Изменен медикамент id=27 пользователем Volody
2026-09-25 01:12:49,311 | INFO | pharmacy | Открыт каталог пользователем Volody
2026-09-25 01:13:10,744 | INFO | pharmacy | Открыта форма редактирования медикамента id=29 пользователем Volody
2026-09-25 01:13:14,282 | INFO | pharmacy | Изменен медикамент id=29 пользователем Volody
2026-09-25 01:13:14,295 | INFO | pharmacy | Открыт каталог пользователем Volody
2026-09-25 01:13:37,905 | INFO | pharmacy | Открыта форма редактирования медикамента id=26 пользователем Volody
2026-09-25 01:13:40,786 | INFO | pharmacy | Изменен медикамент id=26 пользователем Volody
2026-09-25 01:13:40,807 | INFO | pharmacy | Открыт каталог пользователем Volody
2026-09-25 01:14:01,851 | INFO | pharmacy | Открыта форма редактирования медикамента id=21 пользователем Volody
2026-09-25 01:14:05,922 | INFO | pharmacy | Изменен медикамент id=21 пользователем Volody
2026-09-25 01:14:05,940 | INFO | pharmacy | Открыт каталог пользователем Volody
2026-09-25 01:14:23,633 | INFO | pharmacy | Открыта форма редактирования медикамента id=22 пользователем Volody
2026-09-25 01:14:28,078 | INFO | pharmacy | Изменен медикамент id=22 пользователем Volody
2026-09-25 01:14:28,092 | INFO | pharmacy | Открыт каталог пользователем Volody
2026-09-25 01:15:04,519 | INFO | pharmacy | Открыта форма редактирования медикамента id=20 пользователем Volody
2026-09-25 01:15:08,531 | INFO | pharmacy | Изменен медикамент id=20 пользователем Volody
2026-09-25 01:15:08,545 | INFO | pharmacy | Открыт каталог пользователем Volody
2026-09-25 01:15:29,560 | INFO | pharmacy | Открыта форма редактирования медикамента id=23 пользователем Volody
2026-09-25 01:15:33,089 | INFO | pharmacy | Изменен медикамент id=23 пользователем Volody
2026-09-25 01:15:33,101 | INFO | pharmacy | Открыт каталог пользователем Volody
2026-09-25 01:15:50,935 | INFO | pharmacy | Открыта форма редактирования медикамента id=24 пользователем Volody
2026-09-25 01:15:54,875 | INFO | pharmacy | Изменен медикамент id=24 пользователем Volody
2026-09-25 01:15:54,890 | INFO | pharmacy | Открыт каталог пользователем Volody
2026-09-25 01:16:38,336 | INFO | pharmacy | Открыта форма редактирования медикамента id=25 пользователем Volody
2026-09-25 01:16:41,490 | INFO | pharmacy | Изменен медикамент id=25 пользователем Volody
2026-09-25 01:16:41,504 | INFO | pharmacy | Открыт каталог пользователем Volody
2026-09-25 01:17:07,502 | INFO | pharmacy | Открыта форма редактирования медикамента id=28 пользователем Volody
2026-09-25 01:17:11,904 | INFO | pharmacy | Изменен медикамент id=28 пользователем Volody
2026-09-25 01:17:11,917 | INFO | pharmacy | Открыт каталог пользователем Volody
2026-09-25 01:19:49,258 | INFO | pharmacy | Открыт каталог пользователем Volody
2026-09-25 01:20:21,395 | INFO | pharmacy | Открыта страница контактов пользователем Volody
2026-09-25 01:20:23,482 | INFO | pharmacy | Открыта страница вакансий пользователем Volody
2026-09-25 01:20:26,065 | INFO | pharmacy | Открыта форма редактирования вакансии id=15 пользователем Volody
2026-09-25 01:20:35,527 | INFO | pharmacy | Открыта страница промокодов пользователем Volody
2026-09-25 01:20:51,154 | INFO | pharmacy | Открыт список отделов пользователем Volody
2026-09-25 01:20:51,598 | INFO | pharmacy | Открыт список сотрудников пользователем Volody
2026-09-25 01:20:52,152 | INFO | pharmacy | Открыт список вакансий пользователем Volody
2026-09-25 01:20:53,056 | INFO | pharmacy | Открыт каталог пользователем Volody
2026-09-25 01:20:53,486 | INFO | pharmacy | Открыт список категорий медикаментов пользователем Volody
2026-09-25 01:20:53,950 | INFO | pharmacy | Открыт список поставщиков пользователем Volody
2026-09-25 01:20:54,526 | INFO | pharmacy | Открыт список продаж пользователем Volody
2026-09-25 01:20:54,983 | INFO | pharmacy | Открыт список позиций продаж пользователем Volody
2026-09-25 01:20:55,453 | INFO | pharmacy | Открыт список льгот пользователем Volody
2026-09-25 01:20:55,949 | INFO | pharmacy | Открыт список купонов пользователем Volody
2026-09-25 01:21:00,994 | INFO | pharmacy | Открыт каталог пользователем Volody
2026-09-25 01:36:25,882 | INFO | pharmacy | Открыта страница контактов пользователем Volody
2026-09-25 01:36:28,503 | INFO | pharmacy | Открыта форма редактирования сотрудника id=1 пользователем Volody
2026-09-25 01:37:26,645 | INFO | pharmacy | Открыта форма редактирования сотрудника id=1 пользователем Volody
2026-09-25 01:37:26,680 | INFO | pharmacy | Изменен объект Employee id=1 пользователем Volody
2026-09-25 01:37:26,706 | INFO | pharmacy | Открыт список сотрудников пользователем Volody
2026-09-25 01:37:56,056 | INFO | pharmacy | Открыта форма редактирования сотрудника id=3 пользователем Volody
2026-09-25 01:38:00,479 | INFO | pharmacy | Открыта форма редактирования сотрудника id=3 пользователем Volody
2026-09-25 01:38:00,484 | INFO | pharmacy | Изменен объект Employee id=3 пользователем Volody
2026-09-25 01:38:00,496 | INFO | pharmacy | Открыт список сотрудников пользователем Volody
2026-09-25 01:38:53,462 | INFO | pharmacy | Открыта форма редактирования сотрудника id=5 пользователем Volody
2026-09-25 01:38:57,254 | INFO | pharmacy | Открыта форма редактирования сотрудника id=5 пользователем Volody
2026-09-25 01:38:57,261 | INFO | pharmacy | Изменен объект Employee id=5 пользователем Volody
2026-09-25 01:38:57,273 | INFO | pharmacy | Открыт список сотрудников пользователем Volody
2026-09-25 01:39:10,530 | INFO | pharmacy | Открыта форма редактирования сотрудника id=6 пользователем Volody
2026-09-25 01:39:17,316 | INFO | pharmacy | Открыта форма редактирования сотрудника id=6 пользователем Volody
2026-09-25 01:39:17,320 | INFO | pharmacy | Изменен объект Employee id=6 пользователем Volody
2026-09-25 01:39:17,335 | INFO | pharmacy | Открыт список сотрудников пользователем Volody
2026-09-25 01:39:39,274 | INFO | pharmacy | Открыта форма редактирования сотрудника id=13 пользователем Volody
2026-09-25 01:39:43,276 | INFO | pharmacy | Открыта форма редактирования сотрудника id=13 пользователем Volody
2026-09-25 01:39:43,281 | INFO | pharmacy | Изменен объект Employee id=13 пользователем Volody
2026-09-25 01:39:43,293 | INFO | pharmacy | Открыт список сотрудников пользователем Volody
2026-09-25 01:39:51,178 | INFO | pharmacy | Открыта форма редактирования сотрудника id=5 пользователем Volody
2026-09-25 01:39:56,166 | INFO | pharmacy | Открыта форма редактирования сотрудника id=5 пользователем Volody
2026-09-25 01:39:56,173 | INFO | pharmacy | Изменен объект Employee id=5 пользователем Volody
2026-09-25 01:39:56,193 | INFO | pharmacy | Открыт список сотрудников пользователем Volody
2026-09-25 01:39:59,131 | INFO | pharmacy | Открыта форма редактирования сотрудника id=5 пользователем Volody
2026-09-25 01:40:06,634 | INFO | pharmacy | Открыта форма редактирования сотрудника id=5 пользователем Volody
2026-09-25 01:40:06,640 | INFO | pharmacy | Изменен объект Employee id=5 пользователем Volody
2026-09-25 01:40:06,653 | INFO | pharmacy | Открыт список сотрудников пользователем Volody
2026-09-25 01:40:54,390 | INFO | pharmacy | Открыта форма редактирования сотрудника id=15 пользователем Volody
2026-09-25 01:40:57,967 | INFO | pharmacy | Открыта форма редактирования сотрудника id=15 пользователем Volody
2026-09-25 01:40:57,972 | INFO | pharmacy | Изменен объект Employee id=15 пользователем Volody
2026-09-25 01:40:57,985 | INFO | pharmacy | Открыт список сотрудников пользователем Volody
2026-09-25 01:41:30,664 | INFO | pharmacy | Открыта форма редактирования сотрудника id=11 пользователем Volody
2026-09-25 01:41:34,696 | INFO | pharmacy | Открыта форма редактирования сотрудника id=11 пользователем Volody
2026-09-25 01:41:34,701 | INFO | pharmacy | Изменен объект Employee id=11 пользователем Volody
2026-09-25 01:41:34,723 | INFO | pharmacy | Открыт список сотрудников пользователем Volody
2026-09-25 01:41:42,352 | INFO | pharmacy | Открыта форма редактирования сотрудника id=2 пользователем Volody
2026-09-25 01:42:37,929 | INFO | pharmacy | Открыта форма редактирования сотрудника id=2 пользователем Volody
2026-09-25 01:42:37,968 | INFO | pharmacy | Изменен объект Employee id=2 пользователем Volody
2026-09-25 01:42:37,993 | INFO | pharmacy | Открыт список сотрудников пользователем Volody
2026-09-25 01:43:21,017 | INFO | pharmacy | Открыта форма редактирования сотрудника id=7 пользователем Volody
2026-09-25 01:43:24,520 | INFO | pharmacy | Открыта форма редактирования сотрудника id=7 пользователем Volody
2026-09-25 01:43:24,526 | INFO | pharmacy | Изменен объект Employee id=7 пользователем Volody
2026-09-25 01:43:24,539 | INFO | pharmacy | Открыт список сотрудников пользователем Volody
2026-09-25 01:43:49,194 | INFO | pharmacy | Открыта форма редактирования сотрудника id=14 пользователем Volody
2026-09-25 01:43:52,906 | INFO | pharmacy | Открыта форма редактирования сотрудника id=14 пользователем Volody
2026-09-25 01:43:52,911 | INFO | pharmacy | Изменен объект Employee id=14 пользователем Volody
2026-09-25 01:43:52,924 | INFO | pharmacy | Открыт список сотрудников пользователем Volody
2026-09-25 01:44:13,938 | INFO | pharmacy | Открыта форма редактирования сотрудника id=9 пользователем Volody
2026-09-25 01:44:17,542 | INFO | pharmacy | Открыта форма редактирования сотрудника id=9 пользователем Volody
2026-09-25 01:44:17,549 | INFO | pharmacy | Изменен объект Employee id=9 пользователем Volody
2026-09-25 01:44:17,570 | INFO | pharmacy | Открыт список сотрудников пользователем Volody
2026-09-25 01:44:25,679 | INFO | pharmacy | Открыта форма редактирования сотрудника id=9 пользователем Volody
2026-09-25 01:44:30,213 | INFO | pharmacy | Открыта форма редактирования сотрудника id=9 пользователем Volody
2026-09-25 01:44:30,219 | INFO | pharmacy | Изменен объект Employee id=9 пользователем Volody
2026-09-25 01:44:30,233 | INFO | pharmacy | Открыт список сотрудников пользователем Volody
2026-09-25 01:44:57,299 | INFO | pharmacy | Открыта форма редактирования сотрудника id=4 пользователем Volody
2026-09-25 01:45:09,696 | INFO | pharmacy | Открыта форма редактирования сотрудника id=4 пользователем Volody
2026-09-25 01:45:09,705 | INFO | pharmacy | Изменен объект Employee id=4 пользователем Volody
2026-09-25 01:45:09,719 | INFO | pharmacy | Открыт список сотрудников пользователем Volody
2026-09-25 01:45:28,823 | INFO | pharmacy | Открыта форма редактирования сотрудника id=12 пользователем Volody
2026-09-25 01:45:34,830 | INFO | pharmacy | Открыта форма редактирования сотрудника id=12 пользователем Volody
2026-09-25 01:45:34,836 | INFO | pharmacy | Изменен объект Employee id=12 пользователем Volody
2026-09-25 01:45:34,852 | INFO | pharmacy | Открыт список сотрудников пользователем Volody
2026-09-25 01:46:13,072 | INFO | pharmacy | Открыта форма редактирования сотрудника id=3 пользователем Volody
2026-09-25 01:46:18,967 | INFO | pharmacy | Открыта форма редактирования сотрудника id=3 пользователем Volody
2026-09-25 01:46:18,972 | INFO | pharmacy | Изменен объект Employee id=3 пользователем Volody
2026-09-25 01:46:18,985 | INFO | pharmacy | Открыт список сотрудников пользователем Volody
2026-09-25 01:47:13,409 | INFO | pharmacy | Открыта форма редактирования сотрудника id=10 пользователем Volody
2026-09-25 01:47:17,917 | INFO | pharmacy | Открыта форма редактирования сотрудника id=10 пользователем Volody
2026-09-25 01:47:17,921 | INFO | pharmacy | Изменен объект Employee id=10 пользователем Volody
2026-09-25 01:47:17,933 | INFO | pharmacy | Открыт список сотрудников пользователем Volody
2026-09-25 01:47:40,767 | INFO | pharmacy | Открыта форма редактирования сотрудника id=8 пользователем Volody
2026-09-25 01:47:44,640 | INFO | pharmacy | Открыта форма редактирования сотрудника id=8 пользователем Volody
2026-09-25 01:47:44,645 | INFO | pharmacy | Изменен объект Employee id=8 пользователем Volody
2026-09-25 01:47:44,656 | INFO | pharmacy | Открыт список сотрудников пользователем Volody
2026-09-25 01:47:51,030 | INFO | pharmacy | Открыт каталог пользователем Volody
2026-09-25 01:47:53,471 | INFO | pharmacy | Открыта страница промокодов пользователем Volody
2026-09-25 01:47:59,032 | INFO | pharmacy | Открыт каталог пользователем Volody
2026-09-25 01:48:31,191 | INFO | pharmacy | Открыт каталог пользователем Volody
2026-09-25 01:48:33,908 | INFO | pharmacy | Открыта форма редактирования медикамента id=1 пользователем Volody
2026-09-25 01:48:37,454 | INFO | pharmacy | Открыта форма редактирования медикамента id=2 пользователем Volody
2026-09-25 01:48:44,976 | INFO | pharmacy | Открыт каталог пользователем AnonymousUser
2026-09-25 01:48:47,833 | INFO | pharmacy | Открыт каталог пользователем AnonymousUser
2026-09-25 01:48:48,500 | INFO | pharmacy | Открыт каталог пользователем AnonymousUser
2026-09-25 01:48:48,970 | INFO | pharmacy | Открыт каталог пользователем AnonymousUser
2026-09-25 01:48:49,346 | INFO | pharmacy | Открыт каталог пользователем AnonymousUser
2026-09-25 01:48:55,936 | INFO | pharmacy | Открыт каталог пользователем AnonymousUser
2026-09-25 01:48:57,026 | INFO | pharmacy | Открыта страница промокодов пользователем AnonymousUser
2026-09-25 01:48:58,941 | INFO | pharmacy | Открыта страница вакансий пользователем AnonymousUser
2026-09-25 01:49:32,616 | INFO | pharmacy | Открыта страница промокодов пользователем AnonymousUser
2026-09-25 09:09:30,955 | INFO | pharmacy | Открыта страница контактов пользователем AnonymousUser
2026-09-25 09:09:34,214 | INFO | pharmacy | Открыта страница промокодов пользователем AnonymousUser
2026-09-25 09:16:17,755 | INFO | pharmacy | Открыт каталог пользователем AnonymousUser
2026-09-25 09:16:19,230 | INFO | pharmacy | Открыта страница контактов пользователем AnonymousUser
2026-09-25 09:16:20,730 | INFO | pharmacy | Открыта страница вакансий пользователем AnonymousUser
2026-09-25 09:16:23,010 | INFO | pharmacy | Открыта страница промокодов пользователем AnonymousUser
2026-09-25 09:16:24,129 | INFO | pharmacy | Открыт каталог пользователем AnonymousUser
2026-09-25 09:17:36,693 | INFO | pharmacy | Открыта страница входа пользователем AnonymousUser
2026-09-25 09:19:58,599 | INFO | pharmacy | Открыта страница контактов пользователем AnonymousUser
2026-09-25 09:21:45,385 | INFO | pharmacy | Открыта страница входа пользователем AnonymousUser
2026-09-25 09:21:47,190 | INFO | pharmacy | Успешный вход пользователя volodya.shirko@gmail.com
2026-09-25 09:53:38,735 | INFO | pharmacy | Открыт каталог пользователем volodya.shirko@gmail.com
