2026-05-21 17:30:06,759 | INFO | shop | Открыт профиль пользователя Vlad
2026-05-21 21:58:33,732 | INFO | shop | Открыт профиль пользователя volodya.shirko@gmail.com
2026-05-21 21:58:36,182 | INFO | shop | Открыта корзина пользователя volodya.shirko@gmail.com
2026-05-21 21:58:37,390 | INFO | shop | Открыт профиль пользователя volodya.shirko@gmail.com
2026-05-21 22:03:13,509 | INFO | shop | Открыта корзина пользователя volodya.shirko@gmail.com
2026-05-21 22:03:16,829 | INFO | shop | Открыт профиль пользователя volodya.shirko@gmail.com
2026-05-21 22:03:17,693 | INFO | shop | Открыта корзина пользователя volodya.shirko@gmail.com
2026-05-21 22:03:48,367 | INFO | shop | Открыта корзина пользователя volodya.shirko@gmail.com
2026-05-21 22:03:57,629 | INFO | shop | Открыта корзина пользователя volodya.shirko@gmail.com
2026-05-21 22:05:44,530 | INFO | shop | Открыт профиль пользователя volodya.shirko@gmail.com
2026-05-21 22:05:45,203 | INFO | shop | Открыта корзина пользователя volodya.shirko@gmail.com
2026-05-21 22:08:08,300 | INFO | shop | Открыт профиль пользователя volodya.shirko@gmail.com
2026-05-21 22:08:08,859 | INFO | shop | Открыта корзина пользователя volodya.shirko@gmail.com
2026-05-21 22:08:53,802 | INFO | shop | Открыта корзина пользователя volodya.shirko@gmail.com
2026-05-21 22:08:55,318 | INFO | shop | Открыта корзина пользователя volodya.shirko@gmail.com
2026-05-21 22:09:12,572 | INFO | shop | Открыта корзина пользователя volodya.shirko@gmail.com
2026-05-21 22:09:47,110 | INFO | shop | Открыт профиль пользователя volodya.shirko@gmail.com
2026-05-21 22:09:48,208 | INFO | shop | Открыта корзина пользователя volodya.shirko@gmail.com
2026-05-21 22:11:17,084 | INFO | shop | Открыта корзина пользователя volodya.shirko@gmail.com
2026-05-21 22:13:12,870 | INFO | shop | Открыта корзина пользователя volodya.shirko@gmail.com
2026-05-21 22:19:32,529 | INFO | shop | Открыт профиль пользователя volodya.shirko@gmail.com
2026-05-21 22:19:46,532 | INFO | shop | Открыт профиль пользователя volodya.shirko@gmail.com
2026-05-21 22:19:49,550 | INFO | shop | Открыт профиль пользователя volodya.shirko@gmail.com
2026-05-21 22:20:07,373 | INFO | shop | Открыт профиль пользователя volodya.shirko@gmail.com
2026-05-21 22:20:30,049 | INFO | shop | Открыт профиль пользователя volodya.shirko@gmail.com
2026-05-21 22:20:30,864 | INFO | shop | Открыт профиль пользователя volodya.shirko@gmail.com
2026-05-21 22:20:45,422 | INFO | shop | Открыт профиль пользователя volodya.shirko@gmail.com
2026-05-21 22:21:00,019 | INFO | shop | Открыт профиль пользователя volodya.shirko@gmail.com
2026-05-21 22:21:08,400 | INFO | shop | Открыта корзина пользователя volodya.shirko@gmail.com
2026-05-21 22:21:11,073 | INFO | shop | Открыт профиль пользователя volodya.shirko@gmail.com
2026-05-21 22:21:17,196 | INFO | shop | Попытка добавить товар id=1 в корзину пользователем volodya.shirko@gmail.com
2026-05-21 22:21:17,199 | INFO | shop | Товар id=1 добавлен в корзину пользователем volodya.shirko@gmail.com
2026-05-21 22:21:17,205 | INFO | shop | Открыта корзина пользователя volodya.shirko@gmail.com
2026-05-21 22:21:19,116 | INFO | shop | Открыт профиль пользователя volodya.shirko@gmail.com
2026-05-21 22:21:23,998 | INFO | shop | Попытка оформить заказ пользователем volodya.shirko@gmail.com
2026-05-21 22:21:24,003 | INFO | shop | Заказ #3 успешно оформлен пользователем volodya.shirko@gmail.com
2026-05-21 22:21:24,017 | INFO | shop | Открыт профиль пользователя volodya.shirko@gmail.com
2026-05-21 22:49:19,736 | INFO | shop | Открыт профиль пользователя volodya.shirko@gmail.com
2026-05-21 22:50:10,976 | INFO | shop | Открыт профиль пользователя Vlad
2026-05-21 22:50:12,310 | INFO | shop | Открыта корзина пользователя Vlad
2026-05-21 22:53:10,803 | INFO | shop | Открыт профиль пользователя Vlad
2026-05-21 23:11:29,834 | INFO | shop | Открыта корзина пользователя Vlad
2026-05-21 23:11:32,216 | INFO | shop | Открыт профиль пользователя Vlad
2026-05-21 23:11:35,855 | INFO | shop | Попытка добавить товар id=1 в корзину пользователем Vlad
2026-05-21 23:11:35,860 | INFO | shop | Товар id=1 добавлен в корзину пользователем Vlad
2026-05-21 23:11:35,866 | INFO | shop | Открыта корзина пользователя Vlad
2026-05-21 23:11:47,826 | INFO | shop | Открыта корзина пользователя Vlad
2026-05-21 23:11:50,289 | INFO | shop | Попытка оформить заказ пользователем Vlad
2026-05-21 23:11:50,292 | INFO | shop | Заказ #4 успешно оформлен пользователем Vlad
2026-05-21 23:11:50,310 | INFO | shop | Открыт профиль пользователя Vlad
2026-05-21 23:12:15,240 | INFO | shop | Открыта корзина пользователя Vlad
2026-05-21 23:12:17,402 | INFO | shop | Открыт профиль пользователя Vlad
2026-05-21 23:13:02,557 | INFO | shop | Попытка добавить товар id=1 в корзину пользователем Vlad
2026-05-21 23:13:02,561 | INFO | shop | Товар id=1 добавлен в корзину пользователем Vlad
2026-05-21 23:13:02,566 | INFO | shop | Открыта корзина пользователя Vlad
2026-05-22 00:05:45,488 | INFO | shop | Открыт профиль пользователя volodya.shirko@gmail.com
2026-05-22 00:05:45,984 | INFO | shop | Открыта корзина пользователя volodya.shirko@gmail.com
2026-05-22 00:05:47,005 | INFO | shop | Открыт профиль пользователя volodya.shirko@gmail.com
2026-05-22 00:08:09,042 | INFO | shop | Открыта корзина пользователя Vlad
2026-05-22 00:08:10,270 | INFO | shop | Открыт профиль пользователя Vlad
2026-05-22 00:08:21,280 | INFO | shop | Попытка добавить товар id=1 в корзину пользователем Vlad
2026-05-22 00:08:21,284 | INFO | shop | Товар id=1 добавлен в корзину пользователем Vlad
2026-05-22 00:08:21,292 | INFO | shop | Открыта корзина пользователя Vlad
2026-05-22 00:08:22,395 | INFO | shop | Попытка оформить заказ пользователем Vlad
2026-05-22 00:08:22,424 | INFO | shop | Открыт профиль пользователя Vlad
2026-05-22 00:28:41,646 | INFO | shop | Открыт профиль пользователя Vlad
2026-05-22 00:32:23,070 | INFO | shop | Открыт профиль пользователя Vlad
2026-05-22 00:32:30,418 | INFO | shop | Открыт профиль пользователя Vlad
2026-09-18 19:18:50,680 | INFO | shop | Открыт профиль пользователя volodya.shirko@gmail.com
2026-09-18 20:25:05,882 | INFO | shop | Открыт профиль пользователя volodya.shirko@gmail.com
2026-09-18 20:25:08,040 | INFO | shop | Открыта корзина пользователя volodya.shirko@gmail.com
2026-09-18 20:28:00,452 | INFO | shop | Открыт профиль пользователя volodya.shirko@gmail.com
2026-09-20 14:16:02,499 | INFO | shop | Попытка добавить товар id=3 в корзину пользователем Volody
2026-09-20 14:16:02,517 | INFO | shop | Товар id=3 добавлен в корзину пользователем Volody
2026-09-20 14:16:02,535 | INFO | shop | Открыта корзина пользователя Volody
2026-09-20 14:16:06,187 | INFO | shop | Увеличено количество позиции id=5 пользователем Volody
2026-09-20 14:16:06,204 | INFO | shop | Открыта корзина пользователя Volody
2026-09-20 14:16:07,114 | INFO | shop | Уменьшено количество позиции id=5 пользователем Volody
2026-09-20 14:16:07,128 | INFO | shop | Открыта корзина пользователя Volody
2026-09-20 14:16:08,487 | INFO | shop | Увеличено количество позиции id=5 пользователем Volody
2026-09-20 14:16:08,506 | INFO | shop | Открыта корзина пользователя Volody
2026-09-20 14:16:09,002 | INFO | shop | Уменьшено количество позиции id=5 пользователем Volody
2026-09-20 14:16:09,022 | INFO | shop | Открыта корзина пользователя Volody
2026-09-20 14:16:09,604 | INFO | shop | Увеличено количество позиции id=5 пользователем Volody
2026-09-20 14:16:09,618 | INFO | shop | Открыта корзина пользователя Volody
2026-09-20 14:16:10,119 | INFO | shop | Уменьшено количество позиции id=5 пользователем Volody
2026-09-20 14:16:10,134 | INFO | shop | Открыта корзина пользователя Volody
2026-09-20 14:18:21,071 | INFO | shop | Открыта корзина пользователя Volody
2026-09-20 14:18:31,794 | INFO | shop | Открыта корзина пользователя Volody
2026-09-20 14:18:31,814 | INFO | shop | Открыта корзина пользователя Volody
2026-09-20 14:18:32,970 | INFO | shop | Открыта корзина пользователя Volody
2026-09-20 14:18:41,004 | INFO | shop | Открыта корзина пользователя Volody
2026-09-20 14:26:22,343 | INFO | shop | Открыта корзина пользователя Volody
2026-09-20 14:26:26,103 | INFO | shop | Открыта корзина пользователя Volody
2026-09-20 14:26:27,828 | INFO | shop | Открыта страница оплаты пользователем Volody
2026-09-20 14:26:55,333 | INFO | shop | Открыта страница оплаты пользователем Volody
2026-09-20 14:26:55,343 | INFO | shop | Заказ #3 оплачен пользователем Volody
2026-09-20 14:26:55,357 | INFO | shop | Открыта страница оплаты пользователем Volody
2026-09-20 14:26:55,370 | INFO | shop | Открыт профиль пользователя Volody
2026-09-20 14:27:02,924 | INFO | shop | Открыта корзина пользователя Volody
2026-09-20 14:27:04,010 | INFO | shop | Открыт профиль пользователя Volody
2026-09-20 14:27:10,486 | INFO | shop | Открыта корзина пользователя Volody
2026-09-20 14:27:12,022 | INFO | shop | Открыта страница оплаты пользователем Volody
2026-09-20 14:27:12,038 | INFO | shop | Открыта корзина пользователя Volody
2026-09-20 14:27:45,185 | INFO | shop | Открыта корзина пользователя Volody
2026-09-20 14:28:23,414 | INFO | shop | Открыта корзина пользователя Volody
2026-09-20 14:28:24,355 | INFO | shop | Открыта корзина пользователя Volody
2026-09-20 14:39:56,119 | INFO | shop | Попытка добавить товар id=4 в корзину пользователем Volody
2026-09-20 14:39:56,124 | INFO | shop | Товар id=4 добавлен в корзину пользователем Volody
2026-09-20 14:39:56,138 | INFO | shop | Открыта корзина пользователя Volody
2026-09-20 14:40:00,087 | INFO | shop | Попытка добавить товар id=4 в корзину пользователем Volody
2026-09-20 14:40:00,094 | INFO | shop | Увеличено количество товара id=4 в корзине пользователем Volody
2026-09-20 14:40:00,110 | INFO | shop | Открыта корзина пользователя Volody
2026-09-20 14:44:45,479 | INFO | shop | Попытка добавить товар id=4 в корзину пользователем Volody
2026-09-20 14:44:45,484 | INFO | shop | Увеличено количество товара id=4 в корзине пользователем Volody
2026-09-20 14:44:45,498 | INFO | shop | Открыта корзина пользователя Volody
